Component: ARM Compiler 5.06 update 7 (build 960) Tool: armlink [4d3601]

==============================================================================

Section Cross References

    startup_stm32f407xx.o(RESET) refers to startup_stm32f407xx.o(STACK) for __initial_sp
    startup_stm32f407xx.o(RESET) refers to startup_stm32f407xx.o(.text) for Reset_Handler
    startup_stm32f407xx.o(RESET) refers to stm32f4xx_it.o(i.NMI_Handler) for NMI_Handler
    startup_stm32f407xx.o(RESET) refers to stm32f4xx_it.o(i.HardFault_Handler) for HardFault_Handler
    startup_stm32f407xx.o(RESET) refers to stm32f4xx_it.o(i.MemManage_Handler) for MemManage_Handler
    startup_stm32f407xx.o(RESET) refers to stm32f4xx_it.o(i.BusFault_Handler) for BusFault_Handler
    startup_stm32f407xx.o(RESET) refers to stm32f4xx_it.o(i.UsageFault_Handler) for UsageFault_Handler
    startup_stm32f407xx.o(RESET) refers to stm32f4xx_it.o(i.SVC_Handler) for SVC_Handler
    startup_stm32f407xx.o(RESET) refers to stm32f4xx_it.o(i.DebugMon_Handler) for DebugMon_Handler
    startup_stm32f407xx.o(RESET) refers to stm32f4xx_it.o(i.PendSV_Handler) for PendSV_Handler
    startup_stm32f407xx.o(RESET) refers to stm32f4xx_it.o(i.SysTick_Handler) for SysTick_Handler
    startup_stm32f407xx.o(RESET) refers to stm32f4xx_it.o(i.EXTI0_IRQHandler) for EXTI0_IRQHandler
    startup_stm32f407xx.o(RESET) refers to stm32f4xx_it.o(i.DMA1_Stream5_IRQHandler) for DMA1_Stream5_IRQHandler
    startup_stm32f407xx.o(RESET) refers to stm32f4xx_it.o(i.TIM5_IRQHandler) for TIM5_IRQHandler
    startup_stm32f407xx.o(RESET) refers to stm32f4xx_it.o(i.TIM6_DAC_IRQHandler) for TIM6_DAC_IRQHandler
    startup_stm32f407xx.o(.text) refers to system_stm32f4xx.o(i.SystemInit) for SystemInit
    startup_stm32f407xx.o(.text) refers to entry.o(.ARM.Collect$$$$00000000) for __main
    oledspi.o(i.OLED_Clear) refers to oledspi.o(i.OLED_Refresh) for OLED_Refresh
    oledspi.o(i.OLED_Clear) refers to oledspi.o(.bss) for .bss
    oledspi.o(i.OLED_ClearPoint) refers to oledspi.o(.bss) for .bss
    oledspi.o(i.OLED_ColorTurn) refers to oledspi.o(i.OLED_WR_Byte) for OLED_WR_Byte
    oledspi.o(i.OLED_DisPlay_Off) refers to oledspi.o(i.OLED_WR_Byte) for OLED_WR_Byte
    oledspi.o(i.OLED_DisPlay_On) refers to oledspi.o(i.OLED_WR_Byte) for OLED_WR_Byte
    oledspi.o(i.OLED_DisplayTurn) refers to oledspi.o(i.OLED_WR_Byte) for OLED_WR_Byte
    oledspi.o(i.OLED_DrawCircle) refers to oledspi.o(i.OLED_DrawPoint) for OLED_DrawPoint
    oledspi.o(i.OLED_DrawLine) refers to oledspi.o(i.OLED_DrawPoint) for OLED_DrawPoint
    oledspi.o(i.OLED_DrawPoint) refers to oledspi.o(.bss) for .bss
    oledspi.o(i.OLED_Init) refers to stm32f4xx_hal_gpio.o(i.HAL_GPIO_WritePin) for HAL_GPIO_WritePin
    oledspi.o(i.OLED_Init) refers to stm32f4xx_hal.o(i.HAL_Delay) for HAL_Delay
    oledspi.o(i.OLED_Init) refers to oledspi.o(i.OLED_WR_Byte) for OLED_WR_Byte
    oledspi.o(i.OLED_Init) refers to oledspi.o(i.OLED_Clear) for OLED_Clear
    oledspi.o(i.OLED_Refresh) refers to oledspi.o(i.OLED_WR_Byte) for OLED_WR_Byte
    oledspi.o(i.OLED_Refresh) refers to oledspi.o(.bss) for .bss
    oledspi.o(i.OLED_ScrollDisplay) refers to oledspi.o(i.OLED_ShowChinese) for OLED_ShowChinese
    oledspi.o(i.OLED_ScrollDisplay) refers to oledspi.o(i.OLED_Refresh) for OLED_Refresh
    oledspi.o(i.OLED_ScrollDisplay) refers to oledspi.o(.bss) for .bss
    oledspi.o(i.OLED_ShowChar) refers to oledspi.o(i.OLED_DrawPoint) for OLED_DrawPoint
    oledspi.o(i.OLED_ShowChar) refers to oledspi.o(i.OLED_ClearPoint) for OLED_ClearPoint
    oledspi.o(i.OLED_ShowChar) refers to oledspi.o(.constdata) for .constdata
    oledspi.o(i.OLED_ShowChinese) refers to oledspi.o(i.OLED_DrawPoint) for OLED_DrawPoint
    oledspi.o(i.OLED_ShowChinese) refers to oledspi.o(i.OLED_ClearPoint) for OLED_ClearPoint
    oledspi.o(i.OLED_ShowChinese) refers to oledspi.o(.data) for .data
    oledspi.o(i.OLED_ShowNum) refers to oledspi.o(i.OLED_Pow) for OLED_Pow
    oledspi.o(i.OLED_ShowNum) refers to oledspi.o(i.OLED_ShowChar) for OLED_ShowChar
    oledspi.o(i.OLED_ShowPicture) refers to oledspi.o(i.OLED_WR_BP) for OLED_WR_BP
    oledspi.o(i.OLED_ShowPicture) refers to oledspi.o(i.OLED_WR_Byte) for OLED_WR_Byte
    oledspi.o(i.OLED_ShowString) refers to oledspi.o(i.OLED_ShowChar) for OLED_ShowChar
    oledspi.o(i.OLED_WR_BP) refers to oledspi.o(i.OLED_WR_Byte) for OLED_WR_Byte
    oledspi.o(i.OLED_WR_Byte) refers to stm32f4xx_hal_gpio.o(i.HAL_GPIO_WritePin) for HAL_GPIO_WritePin
    myui.o(i.Draw_BianKuang) refers to oledspi.o(i.OLED_DrawLine) for OLED_DrawLine
    myui.o(i.Draw_GeZi) refers to oledspi.o(i.OLED_DrawPoint) for OLED_DrawPoint
    myui.o(i.Draw_GeZi) refers to oledspi.o(i.OLED_Refresh) for OLED_Refresh
    myui.o(i.Draw_Wave) refers to stm32f4xx_hal_adc.o(i.HAL_ADC_GetValue) for HAL_ADC_GetValue
    myui.o(i.Draw_Wave) refers to oledspi.o(i.OLED_DrawPoint) for OLED_DrawPoint
    myui.o(i.Draw_Wave) refers to adc.o(.bss) for hadc1
[...]
    Removing stm32f4xx_hal_tim_ex.o(i.HAL_TIMEx_ConfigCommutEvent_IT), (112 bytes).
    Removing stm32f4xx_hal_tim_ex.o(i.HAL_TIMEx_HallSensor_DeInit), (56 bytes).
    Removing stm32f4xx_hal_tim_ex.o(i.HAL_TIMEx_HallSensor_GetState), (6 bytes).
    Removing stm32f4xx_hal_tim_ex.o(i.HAL_TIMEx_HallSensor_Init), (188 bytes).
    Removing stm32f4xx_hal_tim_ex.o(i.HAL_TIMEx_HallSensor_MspDeInit), (2 bytes).
    Removing stm32f4xx_hal_tim_ex.o(i.HAL_TIMEx_HallSensor_MspInit), (2 bytes).
    Removing stm32f4xx_hal_tim_ex.o(i.HAL_TIMEx_HallSensor_Start), (38 bytes).
    Removing stm32f4xx_hal_tim_ex.o(i.HAL_TIMEx_HallSensor_Start_DMA), (128 bytes).
    Removing stm32f4xx_hal_tim_ex.o(i.HAL_TIMEx_HallSensor_Start_IT), (48 bytes).
    Removing stm32f4xx_hal_tim_ex.o(i.HAL_TIMEx_HallSensor_Stop), (46 bytes).
    Removing stm32f4xx_hal_tim_ex.o(i.HAL_TIMEx_HallSensor_Stop_DMA), (62 bytes).
    Removing stm32f4xx_hal_tim_ex.o(i.HAL_TIMEx_HallSensor_Stop_IT), (56 bytes).
    Removing stm32f4xx_hal_tim_ex.o(i.HAL_TIMEx_OCN_Start), (46 bytes).
    Removing stm32f4xx_hal_tim_ex.o(i.HAL_TIMEx_OCN_Start_DMA), (228 bytes).
    Removing stm32f4xx_hal_tim_ex.o(i.HAL_TIMEx_OCN_Start_IT), (94 bytes).
    Removing stm32f4xx_hal_tim_ex.o(i.HAL_TIMEx_OCN_Stop), (68 bytes).
    Removing stm32f4xx_hal_tim_ex.o(i.HAL_TIMEx_OCN_Stop_DMA), (130 bytes).
    Removing stm32f4xx_hal_tim_ex.o(i.HAL_TIMEx_OCN_Stop_IT), (122 bytes).
    Removing stm32f4xx_hal_tim_ex.o(i.HAL_TIMEx_OnePulseN_Start), (26 bytes).
    Removing stm32f4xx_hal_tim_ex.o(i.HAL_TIMEx_OnePulseN_Start_IT), (46 bytes).
    Removing stm32f4xx_hal_tim_ex.o(i.HAL_TIMEx_OnePulseN_Stop), (68 bytes).
    Removing stm32f4xx_hal_tim_ex.o(i.HAL_TIMEx_OnePulseN_Stop_IT), (88 bytes).
    Removing stm32f4xx_hal_tim_ex.o(i.HAL_TIMEx_PWMN_Start), (46 bytes).
    Removing stm32f4xx_hal_tim_ex.o(i.HAL_TIMEx_PWMN_Start_DMA), (228 bytes).
    Removing stm32f4xx_hal_tim_ex.o(i.HAL_TIMEx_PWMN_Start_IT), (94 bytes).
    Removing stm32f4xx_hal_tim_ex.o(i.HAL_TIMEx_PWMN_Stop), (68 bytes).
    Removing stm32f4xx_hal_tim_ex.o(i.HAL_TIMEx_PWMN_Stop_DMA), (130 bytes).
    Removing stm32f4xx_hal_tim_ex.o(i.HAL_TIMEx_PWMN_Stop_IT), (122 bytes).
    Removing stm32f4xx_hal_tim_ex.o(i.HAL_TIMEx_RemapConfig), (28 bytes).
    Removing stm32f4xx_hal_tim_ex.o(i.TIMEx_DMACommutationCplt), (16 bytes).
    Removing stm32f4xx_hal_tim_ex.o(i.TIMEx_DMACommutationHalfCplt), (16 bytes).
    Removing stm32f4xx_hal_tim_ex.o(i.TIM_CCxNChannelCmd), (26 bytes).
    Removing system_stm32f4xx.o(.rev16_text), (4 bytes).
    Removing system_stm32f4xx.o(.revsh_text), (4 bytes).
    Removing system_stm32f4xx.o(.rrx_text), (6 bytes).
    Removing system_stm32f4xx.o(i.SystemCoreClockUpdate), (124 bytes).
    Removing system_stm32f4xx.o(.constdata), (8 bytes).
    Removing dneg.o(.text), (6 bytes).

423 unused section(s) (total 32963 bytes) removed from the image.

==============================================================================

Image Symbol Table

    Local Symbols

    Symbol Name                              Value     Ov Type        Size  Object(Section)

    ../Core/Src/adc.c                        0x00000000   Number         0  adc.o ABSOLUTE
    ../Core/Src/dac.c                        0x00000000   Number         0  dac.o ABSOLUTE
    ../Core/Src/dma.c                        0x00000000   Number         0  dma.o ABSOLUTE
    ../Core/Src/gpio.c                       0x00000000   Number         0  gpio.o ABSOLUTE
    ../Core/Src/main.c                       0x00000000   Number         0  main.o ABSOLUTE
    ../Core/Src/stm32f4xx_hal_msp.c          0x00000000   Number         0  stm32f4xx_hal_msp.o ABSOLUTE
    ../Core/Src/stm32f4xx_it.c               0x00000000   Number         0  stm32f4xx_it.o ABSOLUTE
    ../Core/Src/system_stm32f4xx.c           0x00000000   Number         0  system_stm32f4xx.o ABSOLUTE
    ../Core/Src/tim.c                        0x00000000   Number         0  tim.o ABSOLUTE
    ../Drivers/STM32F4xx_HAL_Driver/Src/stm32f4xx_hal.c 0x00000000   Number         0  stm32f4xx_hal.o ABSOLUTE
    ../Drivers/STM32F4xx_HAL_Driver/Src/stm32f4xx_hal_adc.c 0x00000000   Number         0  stm32f4xx_hal_adc.o ABSOLUTE
    ../Drivers/STM32F4xx_HAL_Driver/Src/stm32f4xx_hal_adc_ex.c 0x00000000   Number         0  stm32f4xx_hal_adc_ex.o ABSOLUTE
    ../Drivers/STM32F4xx_HAL_Driver/Src/stm32f4xx_hal_cortex.c 0x00000000   Number         0  stm32f4xx_hal_cortex.o ABSOLUTE
    ../Drivers/STM32F4xx_HAL_Driver/Src/stm32f4xx_hal_dac.c 0x00000000   Number         0  stm32f4xx_hal_dac.o ABSOLUTE
    ../Drivers/STM32F4xx_HAL_Driver/Src/stm32f4xx_hal_dac_ex.c 0x00000000   Number         0  stm32f4xx_hal_dac_ex.o ABSOLUTE
    ../Drivers/STM32F4xx_HAL_Driver/Src/stm32f4xx_hal_dma.c 0x00000000   Number         0  stm32f4xx_hal_dma.o ABSOLUTE
    ../Drivers/STM32F4xx_HAL_Driver/Src/stm32f4xx_hal_dma_ex.c 0x00000000   Number         0  stm32f4xx_hal_dma_ex.o ABSOLUTE
    ../Drivers/STM32F4xx_HAL_Driver/Src/stm32f4xx_hal_exti.c 0x00000000   Number         0  stm32f4xx_hal_exti.o ABSOLUTE
    ../Drivers/STM32F4xx_HAL_Driver/Src/stm32f4xx_hal_flash.c 0x00000000   Number         0  stm32f4xx_hal_flash.o ABSOLUTE
    ../Drivers/STM32F4xx_HAL_Driver/Src/stm32f4xx_hal_flash_ex.c 0x00000000   Number         0  stm32f4xx_hal_flash_ex.o ABSOLUTE
    ../Drivers/STM32F4xx_HAL_Driver/Src/stm32f4xx_hal_flash_ramfunc.c 0x00000000   Number         0  stm32f4xx_hal_flash_ramfunc.o ABSOLUTE
    ../Drivers/STM32F4xx_HAL_Driver/Src/stm32f4xx_hal_gpio.c 0x00000000   Number         0  stm32f4xx_hal_gpio.o ABSOLUTE
    ../Drivers/STM32F4xx_HAL_Driver/Src/stm32f4xx_hal_pwr.c 0x00000000   Number         0  stm32f4xx_hal_pwr.o ABSOLUTE
    ../Drivers/STM32F4xx_HAL_Driver/Src/stm32f4xx_hal_pwr_ex.c 0x00000000   Number         0  stm32f4xx_hal_pwr_ex.o ABSOLUTE
    ../Drivers/STM32F4xx_HAL_Driver/Src/stm32f4xx_hal_rcc.c 0x00000000   Number         0  stm32f4xx_hal_rcc.o ABSOLUTE
    ../Drivers/STM32F4xx_HAL_Driver/Src/stm32f4xx_hal_rcc_ex.c 0x00000000   Number         0  stm32f4xx_hal_rcc_ex.o ABSOLUTE
    ../Drivers/STM32F4xx_HAL_Driver/Src/stm32f4xx_hal_tim.c 0x00000000   Number         0  stm32f4xx_hal_tim.o ABSOLUTE
    ../Drivers/STM32F4xx_HAL_Driver/Src/stm32f4xx_hal_tim_ex.c 0x00000000   Number         0  stm32f4xx_hal_tim_ex.o ABSOLUTE
    ../clib/microlib/division.c              0x00000000   Number         0  uldiv.o ABSOLUTE
    ../clib/microlib/errno.c                 0x00000000   Number         0  errno.o ABSOLUTE
    ../clib/microlib/init/entry.s            0x00000000   Number         0  entry10a.o ABSOLUTE
    ../clib/microlib/init/entry.s            0x00000000   Number         0  entry.o ABSOLUTE
    ../clib/microlib/init/entry.s            0x00000000   Number         0  entry11b.o ABSOLUTE
    ../clib/microlib/init/entry.s            0x00000000   Number         0  entry11a.o ABSOLUTE
    ../clib/microlib/init/entry.s            0x00000000   Number         0  entry9a.o ABSOLUTE
    ../clib/microlib/init/entry.s            0x00000000   Number         0  entry8b.o ABSOLUTE
    ../clib/microlib/init/entry.s            0x00000000   Number         0  entry8a.o ABSOLUTE
    ../clib/microlib/init/entry.s            0x00000000   Number         0  entry7b.o ABSOLUTE
    ../clib/microlib/init/entry.s            0x00000000   Number         0  entry10b.o ABSOLUTE
    ../clib/microlib/init/entry.s            0x00000000   Number         0  entry12a.o ABSOLUTE
    ../clib/microlib/init/entry.s            0x00000000   Number         0  entry12b.o ABSOLUTE
    ../clib/microlib/init/entry.s            0x00000000   Number         0  entry7a.o ABSOLUTE
    ../clib/microlib/init/entry.s            0x00000000   Number         0  entry5.o ABSOLUTE
    ../clib/microlib/init/entry.s            0x00000000   Number         0  entry9b.o ABSOLUTE
    ../clib/microlib/init/entry.s            0x00000000   Number         0  entry2.o ABSOLUTE
    ../clib/microlib/longlong.c              0x00000000   Number         0  llushr.o ABSOLUTE
    ../clib/microlib/longlong.c              0x00000000   Number         0  llshl.o ABSOLUTE
    ../clib/microlib/longlong.c              0x00000000   Number         0  llsshr.o ABSOLUTE
    ../clib/microlib/string/memset.c         0x00000000   Number         0  memseta.o ABSOLUTE
    ../clib/microlib/stubs.s                 0x00000000   Number         0  iusefp.o ABSOLUTE
    ../fplib/microlib/d2f.c                  0x00000000   Number         0  d2f.o ABSOLUTE
    ../fplib/microlib/f2d.c                  0x00000000   Number         0  f2d.o ABSOLUTE
    ../fplib/microlib/fpadd.c                0x00000000   Number         0  dadd.o ABSOLUTE
    ../fplib/microlib/fpdiv.c                0x00000000   Number         0  ddiv.o ABSOLUTE
    ../fplib/microlib/fpepilogue.c           0x00000000   Number         0  fepilogue.o ABSOLUTE
    ../fplib/microlib/fpepilogue.c           0x00000000   Number         0  depilogue.o ABSOLUTE
    ../fplib/microlib/fpfix.c                0x00000000   Number         0  dfixui.o ABSOLUTE
    ../fplib/microlib/fpfix.c                0x00000000   Number         0  dfixi.o ABSOLUTE
    ../fplib/microlib/fpflt.c                0x00000000   Number         0  dfltui.o ABSOLUTE
    ../fplib/microlib/fpflt.c                0x00000000   Number         0  dflti.o ABSOLUTE
    ../fplib/microlib/fpmul.c                0x00000000   Number         0  dmul.o ABSOLUTE
    ../fplib/microlib/fpneg.c                0x00000000   Number         0  dneg.o ABSOLUTE
    ../mathlib/cos_i.c                       0x00000000   Number         0  cos_i.o ABSOLUTE
    ../mathlib/dunder.c                      0x00000000   Number         0  dunder.o ABSOLUTE
    ../mathlib/fabs.c                        0x00000000   Number         0  fabs.o ABSOLUTE
    ../mathlib/fpclassify.c                  0x00000000   Number         0  fpclassify.o ABSOLUTE
    ../mathlib/poly.c                        0x00000000   Number         0  poly.o ABSOLUTE
    ../mathlib/rred.c                        0x00000000   Number         0  rred.o ABSOLUTE
    ../mathlib/sin.c                         0x00000000   Number         0  sin_x.o ABSOLUTE
    ../mathlib/sin.c                         0x00000000   Number         0  sin.o ABSOLUTE
    ../mathlib/sin_i.c                       0x00000000   Number         0  sin_i.o ABSOLUTE
    ../mathlib/sin_i.c                       0x00000000   Number         0  sin_i_x.o ABSOLUTE
    ..\Core\Src\adc.c                        0x00000000   Number         0  adc.o ABSOLUTE
    ..\Core\Src\dac.c                        0x00000000   Number         0  dac.o ABSOLUTE
    ..\Core\Src\dma.c                        0x00000000   Number         0  dma.o ABSOLUTE
    ..\Core\Src\gpio.c                       0x00000000   Number         0  gpio.o ABSOLUTE
    ..\Core\Src\keyboard.c                   0x00000000   Number         0  keyboard.o ABSOLUTE
    ..\Core\Src\main.c                       0x00000000   Number         0  main.o ABSOLUTE
    ..\Core\Src\myUI.c                       0x00000000   Number         0  myui.o ABSOLUTE
    ..\Core\Src\oledspi.c                    0x00000000   Number         0  oledspi.o ABSOLUTE
    ..\Core\Src\stm32f4xx_hal_msp.c          0x00000000   Number         0  stm32f4xx_hal_msp.o ABSOLUTE
    ..\Core\Src\stm32f4xx_it.c               0x00000000   Number         0  stm32f4xx_it.o ABSOLUTE
    ..\Core\Src\system_stm32f4xx.c           0x00000000   Number         0  system_stm32f4xx.o ABSOLUTE
    ..\Core\Src\tim.c                        0x00000000   Number         0  tim.o ABSOLUTE
    ..\Core\Src\wave.c                       0x00000000   Number         0  wave.o ABSOLUTE
    ..\Drivers\STM32F4xx_HAL_Driver\Src\stm32f4xx_hal.c 0x00000000   Number         0  stm32f4xx_hal.o ABSOLUTE
    ..\Drivers\STM32F4xx_HAL_Driver\Src\stm32f4xx_hal_adc.c 0x00000000   Number         0  stm32f4xx_hal_adc.o ABSOLUTE
    ..\Drivers\STM32F4xx_HAL_Driver\Src\stm32f4xx_hal_adc_ex.c 0x00000000   Number         0  stm32f4xx_hal_adc_ex.o ABSOLUTE
    ..\Drivers\STM32F4xx_HAL_Driver\Src\stm32f4xx_hal_cortex.c 0x00000000   Number         0  stm32f4xx_hal_cortex.o ABSOLUTE
    ..\Drivers\STM32F4xx_HAL_Driver\Src\stm32f4xx_hal_dac.c 0x00000000   Number         0  stm32f4xx_hal_dac.o ABSOLUTE
    ..\Drivers\STM32F4xx_HAL_Driver\Src\stm32f4xx_hal_dac_ex.c 0x00000000   Number         0  stm32f4xx_hal_dac_ex.o ABSOLUTE
    ..\Drivers\STM32F4xx_HAL_Driver\Src\stm32f4xx_hal_dma.c 0x00000000   Number         0  stm32f4xx_hal_dma.o ABSOLUTE
    ..\Drivers\STM32F4xx_HAL_Driver\Src\stm32f4xx_hal_dma_ex.c 0x00000000   Number         0  stm32f4xx_hal_dma_ex.o ABSOLUTE
    ..\Drivers\STM32F4xx_HAL_Driver\Src\stm32f4xx_hal_exti.c 0x00000000   Number         0  stm32f4xx_hal_exti.o ABSOLUTE
    ..\Drivers\STM32F4xx_HAL_Driver\Src\stm32f4xx_hal_flash.c 0x00000000   Number         0  stm32f4xx_hal_flash.o ABSOLUTE
    ..\Drivers\STM32F4xx_HAL_Driver\Src\stm32f4xx_hal_flash_ex.c 0x00000000   Number         0  stm32f4xx_hal_flash_ex.o ABSOLUTE
    ..\Drivers\STM32F4xx_HAL_Driver\Src\stm32f4xx_hal_flash_ramfunc.c 0x00000000   Number         0  stm32f4xx_hal_flash_ramfunc.o ABSOLUTE
    ..\Drivers\STM32F4xx_HAL_Driver\Src\stm32f4xx_hal_gpio.c 0x00000000   Number         0  stm32f4xx_hal_gpio.o ABSOLUTE
    ..\Drivers\STM32F4xx_HAL_Driver\Src\stm32f4xx_hal_pwr.c 0x00000000   Number         0  stm32f4xx_hal_pwr.o ABSOLUTE
    ..\Drivers\STM32F4xx_HAL_Driver\Src\stm32f4xx_hal_pwr_ex.c 0x00000000   Number         0  stm32f4xx_hal_pwr_ex.o ABSOLUTE
    ..\Drivers\STM32F4xx_HAL_Driver\Src\stm32f4xx_hal_rcc.c 0x00000000   Number         0  stm32f4xx_hal_rcc.o ABSOLUTE
    ..\Drivers\STM32F4xx_HAL_Driver\Src\stm32f4xx_hal_rcc_ex.c 0x00000000   Number         0  stm32f4xx_hal_rcc_ex.o ABSOLUTE
    ..\Drivers\STM32F4xx_HAL_Driver\Src\stm32f4xx_hal_tim.c 0x00000000   Number         0  stm32f4xx_hal_tim.o ABSOLUTE
    ..\Drivers\STM32F4xx_HAL_Driver\Src\stm32f4xx_hal_tim_ex.c 0x00000000   Number         0  stm32f4xx_hal_tim_ex.o ABSOLUTE
    ..\\Core\\Src\\keyboard.c                0x00000000   Number         0  keyboard.o ABSOLUTE
    ..\\Core\\Src\\myUI.c                    0x00000000   Number         0  myui.o ABSOLUTE
    ..\\Core\\Src\\oledspi.c                 0x00000000   Number         0  oledspi.o ABSOLUTE
    ..\\Core\\Src\\wave.c                    0x00000000   Number         0  wave.o ABSOLUTE
    dc.s                                     0x00000000   Number         0  dc.o ABSOLUTE
    handlers.s                               0x00000000   Number         0  handlers.o ABSOLUTE
    init.s                                   0x00000000   Number         0  init.o ABSOLUTE
    startup_stm32f407xx.s                    0x00000000   Number         0  startup_stm32f407xx.o ABSOLUTE
    RESET                                    0x08000000   Section      392  startup_stm32f407xx.o(RESET)
    .ARM.Collect$$$$00000000                 0x08000188   Section        0  entry.o(.ARM.Collect$$$$00000000)
    .ARM.Collect$$$$00000001                 0x08000188   Section        4  entry2.o(.ARM.Collect$$$$00000001)
    .ARM.Collect$$$$00000004                 0x0800018c   Section        4  entry5.o(.ARM.Collect$$$$00000004)
    .ARM.Collect$$$$00000008                 0x08000190   Section        0  entry7b.o(.ARM.Collect$$$$00000008)
    .ARM.Collect$$$$0000000A                 0x08000190   Section        0  entry8b.o(.ARM.Collect$$$$0000000A)
    .ARM.Collect$$$$0000000B                 0x08000190   Section        8  entry9a.o(.ARM.Collect$$$$0000000B)
    .ARM.Collect$$$$0000000E                 0x08000198   Section        4  entry12b.o(.ARM.Collect$$$$0000000E)
    .ARM.Collect$$$$0000000F                 0x0800019c   Section        0  entry10a.o(.ARM.Collect$$$$0000000F)
    .ARM.Collect$$$$00000011                 0x0800019c   Section        0  entry11a.o(.ARM.Collect$$$$00000011)
    .ARM.Collect$$$$00002712                 0x0800019c   Section        4  entry2.o(.ARM.Collect$$$$00002712)
    __lit__00000000                          0x0800019c   Data           4  entry2.o(.ARM.Collect$$$$00002712)
    .text                                    0x080001a0   Section       36  startup_stm32f407xx.o(.text)
    $v0                                      0x080001a0   Number         0  startup_stm32f407xx.o(.text)
    .text                                    0x080001c4   Section        0  uldiv.o(.text)
    .text                                    0x08000226   Section        0  memseta.o(.text)
    .text                                    0x0800024a   Section        0  dadd.o(.text)
    .text                                    0x08000398   Section        0  dmul.o(.text)
    .text                                    0x0800047c   Section        0  ddiv.o(.text)
    .text                                    0x0800055a   Section        0  dfltui.o(.text)
    .text                                    0x08000574   Section        0  dfixui.o(.text)
    .text                                    0x080005a6   Section        0  f2d.o(.text)
    .text                                    0x080005cc   Section        0  d2f.o(.text)
    .text                                    0x08000604   Section        0  llshl.o(.text)
    .text                                    0x08000622   Section        0  llushr.o(.text)
    .text                                    0x08000642   Section        0  llsshr.o(.text)
    .text                                    0x08000666   Section        0  iusefp.o(.text)
    .text                                    0x08000666   Section        0  fepilogue.o(.text)
    .text                                    0x080006d4   Section        0  depilogue.o(.text)
    .text                                    0x08000790   Section       36  init.o(.text)
    .text                                    0x080007b4   Section        0  dflti.o(.text)
    .text                                    0x080007d6   Section        0  dfixi.o(.text)
    i.ADC_Init                               0x08000814   Section        0  stm32f4xx_hal_adc.o(i.ADC_Init)
    ADC_Init                                 0x08000815   Thumb Code   284  stm32f4xx_hal_adc.o(i.ADC_Init)
    i.BusFault_Handler                       0x0800093c   Section        0  stm32f4xx_it.o(i.BusFault_Handler)
    i.DAC_DMAConvCpltCh1                     0x0800093e   Section        0  stm32f4xx_hal_dac.o(i.DAC_DMAConvCpltCh1)
    DAC_DMAConvCpltCh1                       0x0800093f   Thumb Code    16  stm32f4xx_hal_dac.o(i.DAC_DMAConvCpltCh1)
    i.DAC_DMAConvCpltCh2                     0x0800094e   Section        0  stm32f4xx_hal_dac_ex.o(i.DAC_DMAConvCpltCh2)
    i.DAC_DMAErrorCh1                        0x0800095e   Section        0  stm32f4xx_hal_dac.o(i.DAC_DMAErrorCh1)
    DAC_DMAErrorCh1                          0x0800095f   Thumb Code    24  stm32f4xx_hal_dac.o(i.DAC_DMAErrorCh1)
    i.DAC_DMAErrorCh2                        0x08000976   Section        0  stm32f4xx_hal_dac_ex.o(i.DAC_DMAErrorCh2)
    i.DAC_DMAHalfConvCpltCh1                 0x0800098e   Section        0  stm32f4xx_hal_dac.o(i.DAC_DMAHalfConvCpltCh1)
    DAC_DMAHalfConvCpltCh1                   0x0800098f   Thumb Code    10  stm32f4xx_hal_dac.o(i.DAC_DMAHalfConvCpltCh1)
    i.DAC_DMAHalfConvCpltCh2                 0x08000998   Section        0  stm32f4xx_hal_dac_ex.o(i.DAC_DMAHalfConvCpltCh2)
    i.DMA1_Stream5_IRQHandler                0x080009a4   Section        0  stm32f4xx_it.o(i.DMA1_Stream5_IRQHandler)
    i.DMA_CalcBaseAndBitshift                0x080009b0   Section        0  stm32f4xx_hal_dma.o(i.DMA_CalcBaseAndBitshift)
    DMA_CalcBaseAndBitshift                  0x080009b1   Thumb Code    34  stm32f4xx_hal_dma.o(i.DMA_CalcBaseAndBitshift)
    i.DMA_CheckFifoParam                     0x080009d8   Section        0  stm32f4xx_hal_dma.o(i.DMA_CheckFifoParam)
    DMA_CheckFifoParam                       0x080009d9   Thumb Code    84  stm32f4xx_hal_dma.o(i.DMA_CheckFifoParam)
    i.DMA_SetConfig                          0x08000a2c   Section        0  stm32f4xx_hal_dma.o(i.DMA_SetConfig)
    DMA_SetConfig                            0x08000a2d   Thumb Code    40  stm32f4xx_hal_dma.o(i.DMA_SetConfig)
    i.DebugMon_Handler                       0x08000a54   Section        0  stm32f4xx_it.o(i.DebugMon_Handler)
    i.Draw_BianKuang                         0x08000a56   Section        0  myui.o(i.Draw_BianKuang)
    i.Draw_GeZi                              0x08000aec   Section        0  myui.o(i.Draw_GeZi)
    i.Draw_Wave                              0x08000b40   Section        0  myui.o(i.Draw_Wave)
    i.EXTI0_IRQHandler                       0x08000b94   Section        0  stm32f4xx_it.o(i.EXTI0_IRQHandler)
    i.Error_Handler                          0x08000b9a   Section        0  main.o(i.Error_Handler)
    i.HAL_ADC_ConfigChannel                  0x08000ba0   Section        0  stm32f4xx_hal_adc.o(i.HAL_ADC_ConfigChannel)
    i.HAL_ADC_GetState                       0x08000cec   Section        0  stm32f4xx_hal_adc.o(i.HAL_ADC_GetState)
    i.HAL_ADC_GetValue                       0x08000cf0   Section        0  stm32f4xx_hal_adc.o(i.HAL_ADC_GetValue)
    i.HAL_ADC_Init                           0x08000cf6   Section        0  stm32f4xx_hal_adc.o(i.HAL_ADC_Init)
    i.HAL_ADC_MspInit                        0x08000d4c   Section        0  adc.o(i.HAL_ADC_MspInit)
    i.HAL_ADC_PollForConversion              0x08000dac   Section        0  stm32f4xx_hal_adc.o(i.HAL_ADC_PollForConversion)
    i.HAL_ADC_Start                          0x08000e50   Section        0  stm32f4xx_hal_adc.o(i.HAL_ADC_Start)
    i.HAL_DACEx_ConvCpltCallbackCh2          0x08000f3c   Section        0  stm32f4xx_hal_dac_ex.o(i.HAL_DACEx_ConvCpltCallbackCh2)
    i.HAL_DACEx_ConvHalfCpltCallbackCh2      0x08000f3e   Section        0  stm32f4xx_hal_dac_ex.o(i.HAL_DACEx_ConvHalfCpltCallbackCh2)
    i.HAL_DACEx_DMAUnderrunCallbackCh2       0x08000f40   Section        0  stm32f4xx_hal_dac_ex.o(i.HAL_DACEx_DMAUnderrunCallbackCh2)
    i.HAL_DACEx_ErrorCallbackCh2             0x08000f42   Section        0  stm32f4xx_hal_dac_ex.o(i.HAL_DACEx_ErrorCallbackCh2)
    i.HAL_DAC_ConfigChannel                  0x08000f44   Section        0  stm32f4xx_hal_dac.o(i.HAL_DAC_ConfigChannel)
    i.HAL_DAC_ConvCpltCallbackCh1            0x08000f86   Section        0  stm32f4xx_hal_dac.o(i.HAL_DAC_ConvCpltCallbackCh1)
    i.HAL_DAC_ConvHalfCpltCallbackCh1        0x08000f88   Section        0  stm32f4xx_hal_dac.o(i.HAL_DAC_ConvHalfCpltCallbackCh1)
    i.HAL_DAC_DMAUnderrunCallbackCh1         0x08000f8a   Section        0  stm32f4xx_hal_dac.o(i.HAL_DAC_DMAUnderrunCallbackCh1)
    i.HAL_DAC_ErrorCallbackCh1               0x08000f8c   Section        0  stm32f4xx_hal_dac.o(i.HAL_DAC_ErrorCallbackCh1)
    i.HAL_DAC_IRQHandler                     0x08000f8e   Section        0  stm32f4xx_hal_dac.o(i.HAL_DAC_IRQHandler)
    i.HAL_DAC_Init                           0x08000fea   Section        0  stm32f4xx_hal_dac.o(i.HAL_DAC_Init)
    i.HAL_DAC_MspInit                        0x08001014   Section        0  dac.o(i.HAL_DAC_MspInit)
    i.HAL_DAC_Start_DMA                      0x080010c4   Section        0  stm32f4xx_hal_dac.o(i.HAL_DAC_Start_DMA)
    i.HAL_DMA_IRQHandler                     0x080011c4   Section        0  stm32f4xx_hal_dma.o(i.HAL_DMA_IRQHandler)
    i.HAL_DMA_Init                           0x08001364   Section        0  stm32f4xx_hal_dma.o(i.HAL_DMA_Init)
    i.HAL_DMA_Start_IT                       0x08001438   Section        0  stm32f4xx_hal_dma.o(i.HAL_DMA_Start_IT)
    i.HAL_Delay                              0x080014a8   Section        0  stm32f4xx_hal.o(i.HAL_Delay)
    i.HAL_GPIO_EXTI_Callback                 0x080014cc   Section        0  stm32f4xx_hal_gpio.o(i.HAL_GPIO_EXTI_Callback)
    i.HAL_GPIO_EXTI_IRQHandler               0x080014d0   Section        0  stm32f4xx_hal_gpio.o(i.HAL_GPIO_EXTI_IRQHandler)
    i.HAL_GPIO_Init                          0x080014e8   Section        0  stm32f4xx_hal_gpio.o(i.HAL_GPIO_Init)
    i.HAL_GPIO_WritePin                      0x080016a0   Section        0  stm32f4xx_hal_gpio.o(i.HAL_GPIO_WritePin)
    i.HAL_GetTick                            0x080016ac   Section        0  stm32f4xx_hal.o(i.HAL_GetTick)
    i.HAL_IncTick                            0x080016b8   Section        0  stm32f4xx_hal.o(i.HAL_IncTick)
    i.HAL_Init                               0x080016c8   Section        0  stm32f4xx_hal.o(i.HAL_Init)
    i.HAL_InitTick                           0x080016fc   Section        0  stm32f4xx_hal.o(i.HAL_InitTick)
    i.HAL_MspInit                            0x0800173c   Section        0  stm32f4xx_hal_msp.o(i.HAL_MspInit)
    i.HAL_NVIC_EnableIRQ                     0x0800176c   Section        0  stm32f4xx_hal_cortex.o(i.HAL_NVIC_EnableIRQ)
    i.HAL_NVIC_SetPriority                   0x08001788   Section        0  stm32f4xx_hal_cortex.o(i.HAL_NVIC_SetPriority)
    i.HAL_NVIC_SetPriorityGrouping           0x080017c8   Section        0  stm32f4xx_hal_cortex.o(i.HAL_NVIC_SetPriorityGrouping)
    i.HAL_RCC_ClockConfig                    0x080017ec   Section        0  stm32f4xx_hal_rcc.o(i.HAL_RCC_ClockConfig)
    i.HAL_RCC_GetSysClockFreq                0x08001920   Section        0  stm32f4xx_hal_rcc.o(i.HAL_RCC_GetSysClockFreq)
    i.HAL_RCC_OscConfig                      0x08001984   Section        0  stm32f4xx_hal_rcc.o(i.HAL_RCC_OscConfig)
    i.HAL_SYSTICK_Config                     0x08001ce0   Section        0  stm32f4xx_hal_cortex.o(i.HAL_SYSTICK_Config)
    i.HAL_TIMEx_BreakCallback                0x08001d08   Section        0  stm32f4xx_hal_tim_ex.o(i.HAL_TIMEx_BreakCallback)
    i.HAL_TIMEx_CommutCallback               0x08001d0a   Section        0  stm32f4xx_hal_tim_ex.o(i.HAL_TIMEx_CommutCallback)
    i.HAL_TIMEx_MasterConfigSynchronization  0x08001d0c   Section        0  stm32f4xx_hal_tim_ex.o(i.HAL_TIMEx_MasterConfigSynchronization)
    i.HAL_TIM_Base_Init                      0x08001d9c   Section        0  stm32f4xx_hal_tim.o(i.HAL_TIM_Base_Init)
    i.HAL_TIM_Base_MspInit                   0x08001dd4   Section        0  tim.o(i.HAL_TIM_Base_MspInit)
    i.HAL_TIM_Base_Start                     0x08001e38   Section        0  stm32f4xx_hal_tim.o(i.HAL_TIM_Base_Start)
    i.HAL_TIM_Base_Start_IT                  0x08001e5c   Section        0  stm32f4xx_hal_tim.o(i.HAL_TIM_Base_Start_IT)
    i.HAL_TIM_ConfigClockSource              0x08001e7e   Section        0  stm32f4xx_hal_tim.o(i.HAL_TIM_ConfigClockSource)
    i.HAL_TIM_IC_CaptureCallback             0x08001f54   Section        0  stm32f4xx_hal_tim.o(i.HAL_TIM_IC_CaptureCallback)
    i.HAL_TIM_IRQHandler                     0x08001f56   Section        0  stm32f4xx_hal_tim.o(i.HAL_TIM_IRQHandler)
    i.HAL_TIM_MspPostInit                    0x080020bc   Section        0  tim.o(i.HAL_TIM_MspPostInit)
    i.HAL_TIM_OC_DelayElapsedCallback        0x0800210c   Section        0  stm32f4xx_hal_tim.o(i.HAL_TIM_OC_DelayElapsedCallback)
    i.HAL_TIM_PWM_ConfigChannel              0x0800210e   Section        0  stm32f4xx_hal_tim.o(i.HAL_TIM_PWM_ConfigChannel)
    i.HAL_TIM_PWM_Init                       0x080021de   Section        0  stm32f4xx_hal_tim.o(i.HAL_TIM_PWM_Init)
    i.HAL_TIM_PWM_MspInit                    0x08002214   Section        0  tim.o(i.HAL_TIM_PWM_MspInit)
    i.HAL_TIM_PWM_PulseFinishedCallback      0x08002238   Section        0  stm32f4xx_hal_tim.o(i.HAL_TIM_PWM_PulseFinishedCallback)
    i.HAL_TIM_PWM_Start                      0x0800223c   Section        0  stm32f4xx_hal_tim.o(i.HAL_TIM_PWM_Start)
    i.HAL_TIM_PeriodElapsedCallback          0x08002280   Section        0  main.o(i.HAL_TIM_PeriodElapsedCallback)
    i.HAL_TIM_TriggerCallback                0x08002290   Section        0  stm32f4xx_hal_tim.o(i.HAL_TIM_TriggerCallback)
    i.HardFault_Handler                      0x08002292   Section        0  stm32f4xx_it.o(i.HardFault_Handler)
    i.MX_ADC1_Init                           0x08002294   Section        0  adc.o(i.MX_ADC1_Init)
    i.MX_DAC_Init                            0x080022f8   Section        0  dac.o(i.MX_DAC_Init)
    i.MX_DMA_Init                            0x08002338   Section        0  dma.o(i.MX_DMA_Init)
    i.MX_GPIO_Init                           0x08002364   Section        0  gpio.o(i.MX_GPIO_Init)
    i.MX_TIM2_Init                           0x08002468   Section        0  tim.o(i.MX_TIM2_Init)
    i.MX_TIM5_Init                           0x080024d8   Section        0  tim.o(i.MX_TIM5_Init)
    i.MX_TIM6_Init                           0x08002544   Section        0  tim.o(i.MX_TIM6_Init)
    i.MemManage_Handler                      0x08002588   Section        0  stm32f4xx_it.o(i.MemManage_Handler)
    i.NMI_Handler                            0x0800258a   Section        0  stm32f4xx_it.o(i.NMI_Handler)
    i.OLED_Clear                             0x0800258c   Section        0  oledspi.o(i.OLED_Clear)
    i.OLED_ClearPoint                        0x080025b8   Section        0  oledspi.o(i.OLED_ClearPoint)
    i.OLED_DrawLine                          0x080025d8   Section        0  oledspi.o(i.OLED_DrawLine)
    i.OLED_DrawPoint                         0x08002668   Section        0  oledspi.o(i.OLED_DrawPoint)
    i.OLED_Init                              0x08002684   Section        0  oledspi.o(i.OLED_Init)
    i.OLED_Refresh                           0x08002790   Section        0  oledspi.o(i.OLED_Refresh)
    i.OLED_ShowChar                          0x080027dc   Section        0  oledspi.o(i.OLED_ShowChar)
    i.OLED_ShowString                        0x08002888   Section        0  oledspi.o(i.OLED_ShowString)
    i.OLED_WR_Byte                           0x080028c8   Section        0  oledspi.o(i.OLED_WR_Byte)
    i.PendSV_Handler                         0x08002938   Section        0  stm32f4xx_it.o(i.PendSV_Handler)
    i.SVC_Handler                            0x0800293a   Section        0  stm32f4xx_it.o(i.SVC_Handler)
    i.Sin_Data                               0x0800293c   Section        0  wave.o(i.Sin_Data)
    i.SquareWave_Data                        0x08002a08   Section        0  wave.o(i.SquareWave_Data)
    i.SysTick_Handler                        0x08002a40   Section        0  stm32f4xx_it.o(i.SysTick_Handler)
    i.SystemClock_Config                     0x08002a44   Section        0  main.o(i.SystemClock_Config)
    i.SystemInit                             0x08002ad8   Section        0  system_stm32f4xx.o(i.SystemInit)
    i.TIM5_IRQHandler                        0x08002af4   Section        0  stm32f4xx_it.o(i.TIM5_IRQHandler)
    i.TIM6_DAC_IRQHandler                    0x08002b00   Section        0  stm32f4xx_it.o(i.TIM6_DAC_IRQHandler)
    i.TIM_Base_SetConfig                     0x08002b1c   Section        0  stm32f4xx_hal_tim.o(i.TIM_Base_SetConfig)
    i.TIM_CCxChannelCmd                      0x08002be4   Section        0  stm32f4xx_hal_tim.o(i.TIM_CCxChannelCmd)
    i.TIM_ETR_SetConfig                      0x08002bfe   Section        0  stm32f4xx_hal_tim.o(i.TIM_ETR_SetConfig)
    i.TIM_ITRx_SetConfig                     0x08002c12   Section        0  stm32f4xx_hal_tim.o(i.TIM_ITRx_SetConfig)
    TIM_ITRx_SetConfig                       0x08002c13   Thumb Code    16  stm32f4xx_hal_tim.o(i.TIM_ITRx_SetConfig)
    i.TIM_OC1_SetConfig                      0x08002c24   Section        0  stm32f4xx_hal_tim.o(i.TIM_OC1_SetConfig)
    TIM_OC1_SetConfig                        0x08002c25   Thumb Code    88  stm32f4xx_hal_tim.o(i.TIM_OC1_SetConfig)
    i.TIM_OC2_SetConfig                      0x08002c84   Section        0  stm32f4xx_hal_tim.o(i.TIM_OC2_SetConfig)
    i.TIM_OC3_SetConfig                      0x08002cf0   Section        0  stm32f4xx_hal_tim.o(i.TIM_OC3_SetConfig)
    TIM_OC3_SetConfig                        0x08002cf1   Thumb Code    96  stm32f4xx_hal_tim.o(i.TIM_OC3_SetConfig)
    i.TIM_OC4_SetConfig                      0x08002d58   Section        0  stm32f4xx_hal_tim.o(i.TIM_OC4_SetConfig)
    TIM_OC4_SetConfig                        0x08002d59   Thumb Code    70  stm32f4xx_hal_tim.o(i.TIM_OC4_SetConfig)
    i.TIM_TI1_ConfigInputStage               0x08002da8   Section        0  stm32f4xx_hal_tim.o(i.TIM_TI1_ConfigInputStage)
    TIM_TI1_ConfigInputStage                 0x08002da9   Thumb Code    34  stm32f4xx_hal_tim.o(i.TIM_TI1_ConfigInputStage)
    i.TIM_TI2_ConfigInputStage               0x08002dca   Section        0  stm32f4xx_hal_tim.o(i.TIM_TI2_ConfigInputStage)
    TIM_TI2_ConfigInputStage                 0x08002dcb   Thumb Code    36  stm32f4xx_hal_tim.o(i.TIM_TI2_ConfigInputStage)
    i.UI                                     0x08002df0   Section        0  myui.o(i.UI)
    i.UsageFault_Handler                     0x08002e18   Section        0  stm32f4xx_it.o(i.UsageFault_Handler)
    i.Wave_start                             0x08002e1c   Section        0  wave.o(i.Wave_start)
    i.__ARM_fpclassify                       0x08002e60   Section        0  fpclassify.o(i.__ARM_fpclassify)
    i.__NVIC_SetPriority                     0x08002e90   Section        0  stm32f4xx_hal_cortex.o(i.__NVIC_SetPriority)
    __NVIC_SetPriority                       0x08002e91   Thumb Code    32  stm32f4xx_hal_cortex.o(i.__NVIC_SetPriority)
    i.__hardfp_sin                           0x08002eb0   Section        0  sin.o(i.__hardfp_sin)
    i.__ieee754_rem_pio2                     0x08002f78   Section        0  rred.o(i.__ieee754_rem_pio2)
    i.__kernel_cos                           0x080033b0   Section        0  cos_i.o(i.__kernel_cos)
    i.__kernel_poly                          0x08003520   Section        0  poly.o(i.__kernel_poly)
    i.__kernel_sin                           0x08003618   Section        0  sin_i.o(i.__kernel_sin)
    i.__mathlib_dbl_infnan                   0x08003748   Section        0  dunder.o(i.__mathlib_dbl_infnan)
    i.__mathlib_dbl_invalid                  0x08003760   Section        0  dunder.o(i.__mathlib_dbl_invalid)
    i.__mathlib_dbl_underflow                0x08003780   Section        0  dunder.o(i.__mathlib_dbl_underflow)
    i.__scatterload_copy                     0x080037a0   Section       14  handlers.o(i.__scatterload_copy)
    i.__scatterload_null                     0x080037ae   Section        2  handlers.o(i.__scatterload_null)
    i.__scatterload_zeroinit                 0x080037b0   Section       14  handlers.o(i.__scatterload_zeroinit)
    i.__set_errno                            0x080037c0   Section        0  errno.o(i.__set_errno)
    i.fabs                                   0x080037cc   Section        0  fabs.o(i.fabs)
    i.get_value                              0x080037e4   Section        0  wave.o(i.get_value)
    i.main                                   0x08003848   Section        0  main.o(i.main)
    i.settings                               0x080038a0   Section        0  wave.o(i.settings)
    .constdata                               0x080038bc   Section     6080  oledspi.o(.constdata)
    .constdata                               0x0800507c   Section        8  stm32f4xx_hal_dma.o(.constdata)
    flagBitshiftOffset                       0x0800507c   Data           8  stm32f4xx_hal_dma.o(.constdata)
    .constdata                               0x08005084   Section       16  system_stm32f4xx.o(.constdata)
    .constdata                               0x08005098   Section       48  cos_i.o(.constdata)
    C                                        0x08005098   Data          48  cos_i.o(.constdata)
    .constdata                               0x080050c8   Section      200  rred.o(.constdata)
    pio2s                                    0x080050c8   Data          48  rred.o(.constdata)
    twooverpi                                0x080050f8   Data         152  rred.o(.constdata)
    .constdata                               0x08005190   Section       40  sin_i.o(.constdata)
    S                                        0x08005190   Data          40  sin_i.o(.constdata)
    .data                                    0x20000000   Section       16  wave.o(.data)
    .data                                    0x20000010   Section       12  stm32f4xx_hal.o(.data)
    .data                                    0x2000001c   Section        4  system_stm32f4xx.o(.data)
    .data                                    0x20000020   Section        4  errno.o(.data)
    _errno                                   0x20000020   Data           4  errno.o(.data)
    .bss                                     0x20000024   Section     1152  oledspi.o(.bss)
    .bss                                     0x200004a4   Section      120  wave.o(.bss)
    .bss                                     0x2000051c   Section       72  adc.o(.bss)
    .bss                                     0x20000564   Section      116  dac.o(.bss)
    .bss                                     0x200005d8   Section      192  tim.o(.bss)
    STACK                                    0x20000698   Section     1024  startup_stm32f407xx.o(STACK)

    Global Symbols

    Symbol Name                              Value     Ov Type        Size  Object(Section)

    BuildAttributes$$THM_ISAv4$E$P$D$K$B$S$7EM$VFPi3$EXTD16$VFPS$VFMA$PE$A:L22UL41UL21$X:L11$S22US41US21$IEEE1$IW$USESV6$~STKCKD$USESV7$~SHL$OTIME$ROPI$IEEEX$EBA8$MICROLIB$REQ8$PRES8$EABIv2 0x00000000   Number         0  anon$$obj.o ABSOLUTE
    __ARM_use_no_argv                        0x00000000   Number         0  main.o ABSOLUTE
    __arm_fini_                               - Undefined Weak Reference
    __cpp_initialize__aeabi_                  - Undefined Weak Reference
    __cxa_finalize                            - Undefined Weak Reference
    __decompress                              - Undefined Weak Reference
    _clock_init                               - Undefined Weak Reference
    _microlib_exit                            - Undefined Weak Reference
    __Vectors_Size                           0x00000188   Number         0  startup_stm32f407xx.o ABSOLUTE
    __Vectors                                0x08000000   Data           4  startup_stm32f407xx.o(RESET)
    __Vectors_End                            0x08000188   Data           0  startup_stm32f407xx.o(RESET)
    __main                                   0x08000189   Thumb Code     0  entry.o(.ARM.Collect$$$$00000000)
    _main_stk                                0x08000189   Thumb Code     0  entry2.o(.ARM.Collect$$$$00000001)
    _main_scatterload                        0x0800018d   Thumb Code     0  entry5.o(.ARM.Collect$$$$00000004)
    __main_after_scatterload                 0x08000191   Thumb Code     0  entry5.o(.ARM.Collect$$$$00000004)
    _main_clock                              0x08000191   Thumb Code     0  entry7b.o(.ARM.Collect$$$$00000008)
    _main_cpp_init                           0x08000191   Thumb Code     0  entry8b.o(.ARM.Collect$$$$0000000A)
    _main_init                               0x08000191   Thumb Code     0  entry9a.o(.ARM.Collect$$$$0000000B)
    __rt_lib_shutdown_fini                   0x08000199   Thumb Code     0  entry12b.o(.ARM.Collect$$$$0000000E)
    __rt_final_cpp                           0x0800019d   Thumb Code     0  entry10a.o(.ARM.Collect$$$$0000000F)
    __rt_final_exit                          0x0800019d   Thumb Code     0  entry11a.o(.ARM.Collect$$$$00000011)
    Reset_Handler                            0x080001a1   Thumb Code     8  startup_stm32f407xx.o(.text)
    ADC_IRQHandler                           0x080001bb   Thumb Code     0  startup_stm32f407xx.o(.text)
    CAN1_RX0_IRQHandler                      0x080001bb   Thumb Code     0  startup_stm32f407xx.o(.text)
    CAN1_RX1_IRQHandler                      0x080001bb   Thumb Code     0  startup_stm32f407xx.o(.text)
    CAN1_SCE_IRQHandler                      0x080001bb   Thumb Code     0  startup_stm32f407xx.o(.text)
    CAN1_TX_IRQHandler                       0x080001bb   Thumb Code     0  startup_stm32f407xx.o(.text)
    CAN2_RX0_IRQHandler                      0x080001bb   Thumb Code     0  startup_stm32f407xx.o(.text)
    CAN2_RX1_IRQHandler                      0x080001bb   Thumb Code     0  startup_stm32f407xx.o(.text)
    CAN2_SCE_IRQHandler                      0x080001bb   Thumb Code     0  startup_stm32f407xx.o(.text)
    CAN2_TX_IRQHandler                       0x080001bb   Thumb Code     0  startup_stm32f407xx.o(.text)
    DCMI_IRQHandler                          0x080001bb   Thumb Code     0  startup_stm32f407xx.o(.text)
    DMA1_Stream0_IRQHandler                  0x080001bb   Thumb Code     0  startup_stm32f407xx.o(.text)
    DMA1_Stream1_IRQHandler                  0x080001bb   Thumb Code     0  startup_stm32f407xx.o(.text)
    DMA1_Stream2_IRQHandler                  0x080001bb   Thumb Code     0  startup_stm32f407xx.o(.text)
    DMA1_Stream3_IRQHandler                  0x080001bb   Thumb Code     0  startup_stm32f407xx.o(.text)
    DMA1_Stream4_IRQHandler                  0x080001bb   Thumb Code     0  startup_stm32f407xx.o(.text)
    DMA1_Stream6_IRQHandler                  0x080001bb   Thumb Code     0  startup_stm32f407xx.o(.text)
    DMA1_Stream7_IRQHandler                  0x080001bb   Thumb Code     0  startup_stm32f407xx.o(.text)
    DMA2_Stream0_IRQHandler                  0x080001bb   Thumb Code     0  startup_stm32f407xx.o(.text)
    DMA2_Stream1_IRQHandler                  0x080001bb   Thumb Code     0  startup_stm32f407xx.o(.text)
    DMA2_Stream2_IRQHandler                  0x080001bb   Thumb Code     0  startup_stm32f407xx.o(.text)
    DMA2_Stream3_IRQHandler                  0x080001bb   Thumb Code     0  startup_stm32f407xx.o(.text)
    DMA2_Stream4_IRQHandler                  0x080001bb   Thumb Code     0  startup_stm32f407xx.o(.text)
    DMA2_Stream5_IRQHandler                  0x080001bb   Thumb Code     0  startup_stm32f407xx.o(.text)
    DMA2_Stream6_IRQHandler                  0x080001bb   Thumb Code     0  startup_stm32f407xx.o(.text)
    DMA2_Stream7_IRQHandler                  0x080001bb   Thumb Code     0  startup_stm32f407xx.o(.text)
    ETH_IRQHandler                           0x080001bb   Thumb Code     0  startup_stm32f407xx.o(.text)
    ETH_WKUP_IRQHandler                      0x080001bb   Thumb Code     0  startup_stm32f407xx.o(.text)
    EXTI15_10_IRQHandler                     0x080001bb   Thumb Code     0  startup_stm32f407xx.o(.text)
    EXTI1_IRQHandler                         0x080001bb   Thumb Code     0  startup_stm32f407xx.o(.text)
    EXTI2_IRQHandler                         0x080001bb   Thumb Code     0  startup_stm32f407xx.o(.text)
    EXTI3_IRQHandler                         0x080001bb   Thumb Code     0  startup_stm32f407xx.o(.text)
    EXTI4_IRQHandler                         0x080001bb   Thumb Code     0  startup_stm32f407xx.o(.text)
    EXTI9_5_IRQHandler                       0x080001bb   Thumb Code     0  startup_stm32f407xx.o(.text)
    FLASH_IRQHandler                         0x080001bb   Thumb Code     0  startup_stm32f407xx.o(.text)
    FMC_IRQHandler                           0x080001bb   Thumb Code     0  startup_stm32f407xx.o(.text)
    FPU_IRQHandler                           0x080001bb   Thumb Code     0  startup_stm32f407xx.o(.text)
    HASH_RNG_IRQHandler                      0x080001bb   Thumb Code     0  startup_stm32f407xx.o(.text)
    I2C1_ER_IRQHandler                       0x080001bb   Thumb Code     0  startup_stm32f407xx.o(.text)
    I2C1_EV_IRQHandler                       0x080001bb   Thumb Code     0  startup_stm32f407xx.o(.text)
    I2C2_ER_IRQHandler                       0x080001bb   Thumb Code     0  startup_stm32f407xx.o(.text)
    I2C2_EV_IRQHandler                       0x080001bb   Thumb Code     0  startup_stm32f407xx.o(.text)
    I2C3_ER_IRQHandler                       0x080001bb   Thumb Code     0  startup_stm32f407xx.o(.text)
    I2C3_EV_IRQHandler                       0x080001bb   Thumb Code     0  startup_stm32f407xx.o(.text)
    OTG_FS_IRQHandler                        0x080001bb   Thumb Code     0  startup_stm32f407xx.o(.text)
    OTG_FS_WKUP_IRQHandler                   0x080001bb   Thumb Code     0  startup_stm32f407xx.o(.text)
    OTG_HS_EP1_IN_IRQHandler                 0x080001bb   Thumb Code     0  startup_stm32f407xx.o(.text)
    OTG_HS_EP1_OUT_IRQHandler                0x080001bb   Thumb Code     0  startup_stm32f407xx.o(.text)
    OTG_HS_IRQHandler                        0x080001bb   Thumb Code     0  startup_stm32f407xx.o(.text)
    OTG_HS_WKUP_IRQHandler                   0x080001bb   Thumb Code     0  startup_stm32f407xx.o(.text)
    PVD_IRQHandler                           0x080001bb   Thumb Code     0  startup_stm32f407xx.o(.text)
    RCC_IRQHandler                           0x080001bb   Thumb Code     0  startup_stm32f407xx.o(.text)
    RTC_Alarm_IRQHandler                     0x080001bb   Thumb Code     0  startup_stm32f407xx.o(.text)
    RTC_WKUP_IRQHandler                      0x080001bb   Thumb Code     0  startup_stm32f407xx.o(.text)
    SDIO_IRQHandler                          0x080001bb   Thumb Code     0  startup_stm32f407xx.o(.text)
    SPI1_IRQHandler                          0x080001bb   Thumb Code     0  startup_stm32f407xx.o(.text)
    SPI2_IRQHandler                          0x080001bb   Thumb Code     0  startup_stm32f407xx.o(.text)
    SPI3_IRQHandler                          0x080001bb   Thumb Code     0  startup_stm32f407xx.o(.text)
    TAMP_STAMP_IRQHandler                    0x080001bb   Thumb Code     0  startup_stm32f407xx.o(.text)
    TIM1_BRK_TIM9_IRQHandler                 0x080001bb   Thumb Code     0  startup_stm32f407xx.o(.text)
    TIM1_CC_IRQHandler                       0x080001bb   Thumb Code     0  startup_stm32f407xx.o(.text)
    TIM1_TRG_COM_TIM11_IRQHandler            0x080001bb   Thumb Code     0  startup_stm32f407xx.o(.text)
    TIM1_UP_TIM10_IRQHandler                 0x080001bb   Thumb Code     0  startup_stm32f407xx.o(.text)
    TIM2_IRQHandler                          0x080001bb   Thumb Code     0  startup_stm32f407xx.o(.text)
    TIM3_IRQHandler                          0x080001bb   Thumb Code     0  startup_stm32f407xx.o(.text)
    TIM4_IRQHandler                          0x080001bb   Thumb Code     0  startup_stm32f407xx.o(.text)
    TIM7_IRQHandler                          0x080001bb   Thumb Code     0  startup_stm32f407xx.o(.text)
    TIM8_BRK_TIM12_IRQHandler                0x080001bb   Thumb Code     0  startup_stm32f407xx.o(.text)
    TIM8_CC_IRQHandler                       0x080001bb   Thumb Code     0  startup_stm32f407xx.o(.text)
    TIM8_TRG_COM_TIM14_IRQHandler            0x080001bb   Thumb Code     0  startup_stm32f407xx.o(.text)
    TIM8_UP_TIM13_IRQHandler                 0x080001bb   Thumb Code     0  startup_stm32f407xx.o(.text)
    UART4_IRQHandler                         0x080001bb   Thumb Code     0  startup_stm32f407xx.o(.text)
    UART5_IRQHandler                         0x080001bb   Thumb Code     0  startup_stm32f407xx.o(.text)
    USART1_IRQHandler                        0x080001bb   Thumb Code     0  startup_stm32f407xx.o(.text)
    USART2_IRQHandler                        0x080001bb   Thumb Code     0  startup_stm32f407xx.o(.text)
    USART3_IRQHandler                        0x080001bb   Thumb Code     0  startup_stm32f407xx.o(.text)
    USART6_IRQHandler                        0x080001bb   Thumb Code     0  startup_stm32f407xx.o(.text)
    WWDG_IRQHandler                          0x080001bb   Thumb Code     0  startup_stm32f407xx.o(.text)
    __aeabi_uldivmod                         0x080001c5   Thumb Code    98  uldiv.o(.text)
    __aeabi_memset                           0x08000227   Thumb Code    14  memseta.o(.text)
    __aeabi_memset4                          0x08000227   Thumb Code     0  memseta.o(.text)
    __aeabi_memset8                          0x08000227   Thumb Code     0  memseta.o(.text)
    __aeabi_memclr                           0x08000235   Thumb Code     4  memseta.o(.text)
    __aeabi_memclr4                          0x08000235   Thumb Code     0  memseta.o(.text)
    __aeabi_memclr8                          0x08000235   Thumb Code     0  memseta.o(.text)
    _memset$wrapper                          0x08000239   Thumb Code    18  memseta.o(.text)
    __aeabi_dadd                             0x0800024b   Thumb Code   322  dadd.o(.text)
    __aeabi_dsub                             0x0800038d   Thumb Code     6  dadd.o(.text)
    __aeabi_drsub                            0x08000393   Thumb Code     6  dadd.o(.text)
    __aeabi_dmul                             0x08000399   Thumb Code   228  dmul.o(.text)
    __aeabi_ddiv                             0x0800047d   Thumb Code   222  ddiv.o(.text)
    __aeabi_ui2d                             0x0800055b   Thumb Code    26  dfltui.o(.text)
    __aeabi_d2uiz                            0x08000575   Thumb Code    50  dfixui.o(.text)
    __aeabi_f2d                              0x080005a7   Thumb Code    38  f2d.o(.text)
    __aeabi_d2f                              0x080005cd   Thumb Code    56  d2f.o(.text)
    __aeabi_llsl                             0x08000605   Thumb Code    30  llshl.o(.text)
    _ll_shift_l                              0x08000605   Thumb Code     0  llshl.o(.text)
    __aeabi_llsr                             0x08000623   Thumb Code    32  llushr.o(.text)
    _ll_ushift_r                             0x08000623   Thumb Code     0  llushr.o(.text)
    __aeabi_lasr                             0x08000643   Thumb Code    36  llsshr.o(.text)
    _ll_sshift_r                             0x08000643   Thumb Code     0  llsshr.o(.text)
    __I$use$fp                               0x08000667   Thumb Code     0  iusefp.o(.text)
    _float_round                             0x08000667   Thumb Code    18  fepilogue.o(.text)
    _float_epilogue                          0x08000679   Thumb Code    92  fepilogue.o(.text)
    _double_round                            0x080006d5   Thumb Code    30  depilogue.o(.text)
    _double_epilogue                         0x080006f3   Thumb Code   156  depilogue.o(.text)
    __scatterload                            0x08000791   Thumb Code    28  init.o(.text)
    __scatterload_rt2                        0x08000791   Thumb Code     0  init.o(.text)
    __aeabi_i2d                              0x080007b5   Thumb Code    34  dflti.o(.text)
    __aeabi_d2iz                             0x080007d7   Thumb Code    62  dfixi.o(.text)
    BusFault_Handler                         0x0800093d   Thumb Code     2  stm32f4xx_it.o(i.BusFault_Handler)
    DAC_DMAConvCpltCh2                       0x0800094f   Thumb Code    16  stm32f4xx_hal_dac_ex.o(i.DAC_DMAConvCpltCh2)
    DAC_DMAErrorCh2                          0x08000977   Thumb Code    24  stm32f4xx_hal_dac_ex.o(i.DAC_DMAErrorCh2)
    DAC_DMAHalfConvCpltCh2                   0x08000999   Thumb Code    10  stm32f4xx_hal_dac_ex.o(i.DAC_DMAHalfConvCpltCh2)
    DMA1_Stream5_IRQHandler                  0x080009a5   Thumb Code     6  stm32f4xx_it.o(i.DMA1_Stream5_IRQHandler)
    DebugMon_Handler                         0x08000a55   Thumb Code     2  stm32f4xx_it.o(i.DebugMon_Handler)
    Draw_BianKuang                           0x08000a57   Thumb Code   150  myui.o(i.Draw_BianKuang)
    Draw_GeZi                                0x08000aed   Thumb Code    82  myui.o(i.Draw_GeZi)
    Draw_Wave                                0x08000b41   Thumb Code    80  myui.o(i.Draw_Wave)
    EXTI0_IRQHandler                         0x08000b95   Thumb Code     6  stm32f4xx_it.o(i.EXTI0_IRQHandler)
    Error_Handler                            0x08000b9b   Thumb Code     4  main.o(i.Error_Handler)
    HAL_ADC_ConfigChannel                    0x08000ba1   Thumb Code   316  stm32f4xx_hal_adc.o(i.HAL_ADC_ConfigChannel)
    HAL_ADC_GetState                         0x08000ced   Thumb Code     4  stm32f4xx_hal_adc.o(i.HAL_ADC_GetState)
    HAL_ADC_GetValue                         0x08000cf1   Thumb Code     6  stm32f4xx_hal_adc.o(i.HAL_ADC_GetValue)
    HAL_ADC_Init                             0x08000cf7   Thumb Code    84  stm32f4xx_hal_adc.o(i.HAL_ADC_Init)
    HAL_ADC_MspInit                          0x08000d4d   Thumb Code    84  adc.o(i.HAL_ADC_MspInit)
    HAL_ADC_PollForConversion                0x08000dad   Thumb Code   162  stm32f4xx_hal_adc.o(i.HAL_ADC_PollForConversion)
    HAL_ADC_Start                            0x08000e51   Thumb Code   210  stm32f4xx_hal_adc.o(i.HAL_ADC_Start)
    HAL_DACEx_ConvCpltCallbackCh2            0x08000f3d   Thumb Code     2  stm32f4xx_hal_dac_ex.o(i.HAL_DACEx_ConvCpltCallbackCh2)
    HAL_DACEx_ConvHalfCpltCallbackCh2        0x08000f3f   Thumb Code     2  stm32f4xx_hal_dac_ex.o(i.HAL_DACEx_ConvHalfCpltCallbackCh2)
    HAL_DACEx_DMAUnderrunCallbackCh2         0x08000f41   Thumb Code     2  stm32f4xx_hal_dac_ex.o(i.HAL_DACEx_DMAUnderrunCallbackCh2)
    HAL_DACEx_ErrorCallbackCh2               0x08000f43   Thumb Code     2  stm32f4xx_hal_dac_ex.o(i.HAL_DACEx_ErrorCallbackCh2)
    HAL_DAC_ConfigChannel                    0x08000f45   Thumb Code    66  stm32f4xx_hal_dac.o(i.HAL_DAC_ConfigChannel)
    HAL_DAC_ConvCpltCallbackCh1              0x08000f87   Thumb Code     2  stm32f4xx_hal_dac.o(i.HAL_DAC_ConvCpltCallbackCh1)
    HAL_DAC_ConvHalfCpltCallbackCh1          0x08000f89   Thumb Code     2  stm32f4xx_hal_dac.o(i.HAL_DAC_ConvHalfCpltCallbackCh1)
    HAL_DAC_DMAUnderrunCallbackCh1           0x08000f8b   Thumb Code     2  stm32f4xx_hal_dac.o(i.HAL_DAC_DMAUnderrunCallbackCh1)
    HAL_DAC_ErrorCallbackCh1                 0x08000f8d   Thumb Code     2  stm32f4xx_hal_dac.o(i.HAL_DAC_ErrorCallbackCh1)
    HAL_DAC_IRQHandler                       0x08000f8f   Thumb Code    92  stm32f4xx_hal_dac.o(i.HAL_DAC_IRQHandler)
    HAL_DAC_Init                             0x08000feb   Thumb Code    40  stm32f4xx_hal_dac.o(i.HAL_DAC_Init)
    HAL_DAC_MspInit                          0x08001015   Thumb Code   154  dac.o(i.HAL_DAC_MspInit)
    HAL_DAC_Start_DMA                        0x080010c5   Thumb Code   230  stm32f4xx_hal_dac.o(i.HAL_DAC_Start_DMA)
    HAL_DMA_IRQHandler                       0x080011c5   Thumb Code   412  stm32f4xx_hal_dma.o(i.HAL_DMA_IRQHandler)
    HAL_DMA_Init                             0x08001365   Thumb Code   206  stm32f4xx_hal_dma.o(i.HAL_DMA_Init)
    HAL_DMA_Start_IT                         0x08001439   Thumb Code   110  stm32f4xx_hal_dma.o(i.HAL_DMA_Start_IT)
    HAL_Delay                                0x080014a9   Thumb Code    32  stm32f4xx_hal.o(i.HAL_Delay)
    HAL_GPIO_EXTI_Callback                   0x080014cd   Thumb Code     2  stm32f4xx_hal_gpio.o(i.HAL_GPIO_EXTI_Callback)
    HAL_GPIO_EXTI_IRQHandler                 0x080014d1   Thumb Code    18  stm32f4xx_hal_gpio.o(i.HAL_GPIO_EXTI_IRQHandler)
    HAL_GPIO_Init                            0x080014e9   Thumb Code   394  stm32f4xx_hal_gpio.o(i.HAL_GPIO_Init)
    HAL_GPIO_WritePin                        0x080016a1   Thumb Code    10  stm32f4xx_hal_gpio.o(i.HAL_GPIO_WritePin)
    HAL_GetTick                              0x080016ad   Thumb Code     6  stm32f4xx_hal.o(i.HAL_GetTick)
    HAL_IncTick                              0x080016b9   Thumb Code    12  stm32f4xx_hal.o(i.HAL_IncTick)
    HAL_Init                                 0x080016c9   Thumb Code    48  stm32f4xx_hal.o(i.HAL_Init)
    HAL_InitTick                             0x080016fd   Thumb Code    54  stm32f4xx_hal.o(i.HAL_InitTick)
    HAL_MspInit                              0x0800173d   Thumb Code    42  stm32f4xx_hal_msp.o(i.HAL_MspInit)
    HAL_NVIC_EnableIRQ                       0x0800176d   Thumb Code    26  stm32f4xx_hal_cortex.o(i.HAL_NVIC_EnableIRQ)
    HAL_NVIC_SetPriority                     0x08001789   Thumb Code    60  stm32f4xx_hal_cortex.o(i.HAL_NVIC_SetPriority)
    HAL_NVIC_SetPriorityGrouping             0x080017c9   Thumb Code    26  stm32f4xx_hal_cortex.o(i.HAL_NVIC_SetPriorityGrouping)
    HAL_RCC_ClockConfig                      0x080017ed   Thumb Code   288  stm32f4xx_hal_rcc.o(i.HAL_RCC_ClockConfig)
    HAL_RCC_GetSysClockFreq                  0x08001921   Thumb Code    88  stm32f4xx_hal_rcc.o(i.HAL_RCC_GetSysClockFreq)
    HAL_RCC_OscConfig                        0x08001985   Thumb Code   840  stm32f4xx_hal_rcc.o(i.HAL_RCC_OscConfig)
    HAL_SYSTICK_Config                       0x08001ce1   Thumb Code    40  stm32f4xx_hal_cortex.o(i.HAL_SYSTICK_Config)
    HAL_TIMEx_BreakCallback                  0x08001d09   Thumb Code     2  stm32f4xx_hal_tim_ex.o(i.HAL_TIMEx_BreakCallback)
    HAL_TIMEx_CommutCallback                 0x08001d0b   Thumb Code     2  stm32f4xx_hal_tim_ex.o(i.HAL_TIMEx_CommutCallback)
    HAL_TIMEx_MasterConfigSynchronization    0x08001d0d   Thumb Code   116  stm32f4xx_hal_tim_ex.o(i.HAL_TIMEx_MasterConfigSynchronization)
    HAL_TIM_Base_Init                        0x08001d9d   Thumb Code    54  stm32f4xx_hal_tim.o(i.HAL_TIM_Base_Init)
    HAL_TIM_Base_MspInit                     0x08001dd5   Thumb Code    86  tim.o(i.HAL_TIM_Base_MspInit)
    HAL_TIM_Base_Start                       0x08001e39   Thumb Code    36  stm32f4xx_hal_tim.o(i.HAL_TIM_Base_Start)
    HAL_TIM_Base_Start_IT                    0x08001e5d   Thumb Code    34  stm32f4xx_hal_tim.o(i.HAL_TIM_Base_Start_IT)
    HAL_TIM_ConfigClockSource                0x08001e7f   Thumb Code   214  stm32f4xx_hal_tim.o(i.HAL_TIM_ConfigClockSource)
    HAL_TIM_IC_CaptureCallback               0x08001f55   Thumb Code     2  stm32f4xx_hal_tim.o(i.HAL_TIM_IC_CaptureCallback)
    HAL_TIM_IRQHandler                       0x08001f57   Thumb Code   358  stm32f4xx_hal_tim.o(i.HAL_TIM_IRQHandler)
    HAL_TIM_MspPostInit                      0x080020bd   Thumb Code    70  tim.o(i.HAL_TIM_MspPostInit)
    HAL_TIM_OC_DelayElapsedCallback          0x0800210d   Thumb Code     2  stm32f4xx_hal_tim.o(i.HAL_TIM_OC_DelayElapsedCallback)
    HAL_TIM_PWM_ConfigChannel                0x0800210f   Thumb Code   208  stm32f4xx_hal_tim.o(i.HAL_TIM_PWM_ConfigChannel)
    HAL_TIM_PWM_Init                         0x080021df   Thumb Code    54  stm32f4xx_hal_tim.o(i.HAL_TIM_PWM_Init)
    HAL_TIM_PWM_MspInit                      0x08002215   Thumb Code    30  tim.o(i.HAL_TIM_PWM_MspInit)
    HAL_TIM_PWM_PulseFinishedCallback        0x08002239   Thumb Code     2  stm32f4xx_hal_tim.o(i.HAL_TIM_PWM_PulseFinishedCallback)
    HAL_TIM_PWM_Start                        0x0800223d   Thumb Code    58  stm32f4xx_hal_tim.o(i.HAL_TIM_PWM_Start)
    HAL_TIM_PeriodElapsedCallback            0x08002281   Thumb Code    12  main.o(i.HAL_TIM_PeriodElapsedCallback)
    HAL_TIM_TriggerCallback                  0x08002291   Thumb Code     2  stm32f4xx_hal_tim.o(i.HAL_TIM_TriggerCallback)
    HardFault_Handler                        0x08002293   Thumb Code     2  stm32f4xx_it.o(i.HardFault_Handler)
    MX_ADC1_Init                             0x08002295   Thumb Code    88  adc.o(i.MX_ADC1_Init)
    MX_DAC_Init                              0x080022f9   Thumb Code    54  dac.o(i.MX_DAC_Init)
    MX_DMA_Init                              0x08002339   Thumb Code    40  dma.o(i.MX_DMA_Init)
    MX_GPIO_Init                             0x08002365   Thumb Code   238  gpio.o(i.MX_GPIO_Init)
    MX_TIM2_Init                             0x08002469   Thumb Code   106  tim.o(i.MX_TIM2_Init)
    MX_TIM5_Init                             0x080024d9   Thumb Code    98  tim.o(i.MX_TIM5_Init)
    MX_TIM6_Init                             0x08002545   Thumb Code    60  tim.o(i.MX_TIM6_Init)
    MemManage_Handler                        0x08002589   Thumb Code     2  stm32f4xx_it.o(i.MemManage_Handler)
    NMI_Handler                              0x0800258b   Thumb Code     2  stm32f4xx_it.o(i.NMI_Handler)
    OLED_Clear                               0x0800258d   Thumb Code    40  oledspi.o(i.OLED_Clear)
    OLED_ClearPoint                          0x080025b9   Thumb Code    28  oledspi.o(i.OLED_ClearPoint)
    OLED_DrawLine                            0x080025d9   Thumb Code   142  oledspi.o(i.OLED_DrawLine)
    OLED_DrawPoint                           0x08002669   Thumb Code    24  oledspi.o(i.OLED_DrawPoint)
    OLED_Init                                0x08002685   Thumb Code   262  oledspi.o(i.OLED_Init)
    OLED_Refresh                             0x08002791   Thumb Code    70  oledspi.o(i.OLED_Refresh)
    OLED_ShowChar                            0x080027dd   Thumb Code   160  oledspi.o(i.OLED_ShowChar)
    OLED_ShowString                          0x08002889   Thumb Code    64  oledspi.o(i.OLED_ShowString)
    OLED_WR_Byte                             0x080028c9   Thumb Code   108  oledspi.o(i.OLED_WR_Byte)
    PendSV_Handler                           0x08002939   Thumb Code     2  stm32f4xx_it.o(i.PendSV_Handler)
    SVC_Handler                              0x0800293b   Thumb Code     2  stm32f4xx_it.o(i.SVC_Handler)
    Sin_Data                                 0x0800293d   Thumb Code   170  wave.o(i.Sin_Data)
    SquareWave_Data                          0x08002a09   Thumb Code    44  wave.o(i.SquareWave_Data)
    SysTick_Handler                          0x08002a41   Thumb Code     4  stm32f4xx_it.o(i.SysTick_Handler)
    SystemClock_Config                       0x08002a45   Thumb Code   140  main.o(i.SystemClock_Config)
    SystemInit                               0x08002ad9   Thumb Code    22  system_stm32f4xx.o(i.SystemInit)
    TIM5_IRQHandler                          0x08002af5   Thumb Code     6  stm32f4xx_it.o(i.TIM5_IRQHandler)
    TIM6_DAC_IRQHandler                      0x08002b01   Thumb Code    18  stm32f4xx_it.o(i.TIM6_DAC_IRQHandler)
    TIM_Base_SetConfig                       0x08002b1d   Thumb Code   156  stm32f4xx_hal_tim.o(i.TIM_Base_SetConfig)
    TIM_CCxChannelCmd                        0x08002be5   Thumb Code    26  stm32f4xx_hal_tim.o(i.TIM_CCxChannelCmd)
    TIM_ETR_SetConfig                        0x08002bff   Thumb Code    20  stm32f4xx_hal_tim.o(i.TIM_ETR_SetConfig)
    TIM_OC2_SetConfig                        0x08002c85   Thumb Code    98  stm32f4xx_hal_tim.o(i.TIM_OC2_SetConfig)
    UI                                       0x08002df1   Thumb Code    34  myui.o(i.UI)
    UsageFault_Handler                       0x08002e19   Thumb Code     2  stm32f4xx_it.o(i.UsageFault_Handler)
    Wave_start                               0x08002e1d   Thumb Code    52  wave.o(i.Wave_start)
    __ARM_fpclassify                         0x08002e61   Thumb Code    48  fpclassify.o(i.__ARM_fpclassify)
    __hardfp_sin                             0x08002eb1   Thumb Code   180  sin.o(i.__hardfp_sin)
    __ieee754_rem_pio2                       0x08002f79   Thumb Code   938  rred.o(i.__ieee754_rem_pio2)
    __kernel_cos                             0x080033b1   Thumb Code   322  cos_i.o(i.__kernel_cos)
    __kernel_poly                            0x08003521   Thumb Code   248  poly.o(i.__kernel_poly)
    __kernel_sin                             0x08003619   Thumb Code   280  sin_i.o(i.__kernel_sin)
    __mathlib_dbl_infnan                     0x08003749   Thumb Code    20  dunder.o(i.__mathlib_dbl_infnan)
    __mathlib_dbl_invalid                    0x08003761   Thumb Code    24  dunder.o(i.__mathlib_dbl_invalid)
    __mathlib_dbl_underflow                  0x08003781   Thumb Code    24  dunder.o(i.__mathlib_dbl_underflow)
    __scatterload_copy                       0x080037a1   Thumb Code    14  handlers.o(i.__scatterload_copy)
    __scatterload_null                       0x080037af   Thumb Code     2  handlers.o(i.__scatterload_null)
    __scatterload_zeroinit                   0x080037b1   Thumb Code    14  handlers.o(i.__scatterload_zeroinit)
    __set_errno                              0x080037c1   Thumb Code     6  errno.o(i.__set_errno)
    fabs                                     0x080037cd   Thumb Code    24  fabs.o(i.fabs)
    get_value                                0x080037e5   Thumb Code    74  wave.o(i.get_value)
    main                                     0x08003849   Thumb Code    74  main.o(i.main)
    settings                                 0x080038a1   Thumb Code    20  wave.o(i.settings)
    asc2_1206                                0x080038bc   Data        1140  oledspi.o(.constdata)
    asc2_1608                                0x08003d30   Data        1520  oledspi.o(.constdata)
    asc2_2412                                0x08004320   Data        3420  oledspi.o(.constdata)
    AHBPrescTable                            0x08005084   Data          16  system_stm32f4xx.o(.constdata)
    Region$$Table$$Base                      0x080051b8   Number         0  anon$$obj.o(Region$$Table)
    Region$$Table$$Limit                     0x080051d8   Number         0  anon$$obj.o(Region$$Table)
    signal                                   0x20000000   Data           1  wave.o(.data)
    f                                        0x20000002   Data           2  wave.o(.data)
    adc_value                                0x20000004   Data           2  wave.o(.data)
    Vm                                       0x20000008   Data           4  wave.o(.data)
    vol                                      0x2000000c   Data           4  wave.o(.data)
    uwTickFreq                               0x20000010   Data           1  stm32f4xx_hal.o(.data)
    uwTickPrio                               0x20000014   Data           4  stm32f4xx_hal.o(.data)
    uwTick                                   0x20000018   Data           4  stm32f4xx_hal.o(.data)
    SystemCoreClock                          0x2000001c   Data           4  system_stm32f4xx.o(.data)
    OLED_GRAM                                0x20000024   Data        1152  oledspi.o(.bss)
    Dualsine12bit                            0x200004a4   Data         120  wave.o(.bss)
    hadc1                                    0x2000051c   Data          72  adc.o(.bss)
    hdac                                     0x20000564   Data          20  dac.o(.bss)
    hdma_dac1                                0x20000578   Data          96  dac.o(.bss)
    htim2                                    0x200005d8   Data          64  tim.o(.bss)
    htim5                                    0x20000618   Data          64  tim.o(.bss)
    htim6                                    0x20000658   Data          64  tim.o(.bss)
    __initial_sp                             0x20000a98   Data           0  startup_stm32f407xx.o(STACK)



==============================================================================

Memory Map of the image

  Image Entry point : 0x08000189

  Load Region LR_IROM1 (Base: 0x08000000, Size: 0x000051fc, Max: 0x00100000, ABSOLUTE)

    Execution Region ER_IROM1 (Exec base: 0x08000000, Load base: 0x08000000, Size: 0x000051d8, Max: 0x00100000, ABSOLUTE)

    Exec Addr    Load Addr    Size         Type   Attr      Idx    E Section Name        Object

    0x08000000   0x08000000   0x00000188   Data   RO            3    RESET               startup_stm32f407xx.o
    0x08000188   0x08000188   0x00000000   Code   RO          565  * .ARM.Collect$$$$00000000  mc_w.l(entry.o)
    0x08000188   0x08000188   0x00000004   Code   RO          593    .ARM.Collect$$$$00000001  mc_w.l(entry2.o)
    0x0800018c   0x0800018c   0x00000004   Code   RO          596    .ARM.Collect$$$$00000004  mc_w.l(entry5.o)
    0x08000190   0x08000190   0x00000000   Code   RO          598    .ARM.Collect$$$$00000008  mc_w.l(entry7b.o)
    0x08000190   0x08000190   0x00000000   Code   RO          600    .ARM.Collect$$$$0000000A  mc_w.l(entry8b.o)
    0x08000190   0x08000190   0x00000008   Code   RO          601    .ARM.Collect$$$$0000000B  mc_w.l(entry9a.o)
    0x08000198   0x08000198   0x00000004   Code   RO          608    .ARM.Collect$$$$0000000E  mc_w.l(entry12b.o)
    0x0800019c   0x0800019c   0x00000000   Code   RO          603    .ARM.Collect$$$$0000000F  mc_w.l(entry10a.o)
    0x0800019c   0x0800019c   0x00000000   Code   RO          605    .ARM.Collect$$$$00000011  mc_w.l(entry11a.o)
    0x0800019c   0x0800019c   0x00000004   Code   RO          594    .ARM.Collect$$$$00002712  mc_w.l(entry2.o)
    0x080001a0   0x080001a0   0x00000024   Code   RO            4    .text               startup_stm32f407xx.o
    0x080001c4   0x080001c4   0x00000062   Code   RO          568    .text               mc_w.l(uldiv.o)
    0x08000226   0x08000226   0x00000024   Code   RO          569    .text               mc_w.l(memseta.o)
    0x0800024a   0x0800024a   0x0000014e   Code   RO          570    .text               mf_w.l(dadd.o)
    0x08000398   0x08000398   0x000000e4   Code   RO          571    .text               mf_w.l(dmul.o)
    0x0800047c   0x0800047c   0x000000de   Code   RO          572    .text               mf_w.l(ddiv.o)
    0x0800055a   0x0800055a   0x0000001a   Code   RO          573    .text               mf_w.l(dfltui.o)
    0x08000574   0x08000574   0x00000032   Code   RO          574    .text               mf_w.l(dfixui.o)
    0x080005a6   0x080005a6   0x00000026   Code   RO          575    .text               mf_w.l(f2d.o)
    0x080005cc   0x080005cc   0x00000038   Code   RO          576    .text               mf_w.l(d2f.o)
    0x08000604   0x08000604   0x0000001e   Code   RO          609    .text               mc_w.l(llshl.o)
    0x08000622   0x08000622   0x00000020   Code   RO          610    .text               mc_w.l(llushr.o)
    0x08000642   0x08000642   0x00000024   Code   RO          611    .text               mc_w.l(llsshr.o)
    0x08000666   0x08000666   0x00000000   Code   RO          616    .text               mc_w.l(iusefp.o)
    0x08000666   0x08000666   0x0000006e   Code   RO          617    .text               mf_w.l(fepilogue.o)
    0x080006d4   0x080006d4   0x000000ba   Code   RO          618    .text               mf_w.l(depilogue.o)
    0x0800078e   0x0800078e   0x00000002   PAD
    0x08000790   0x08000790   0x00000024   Code   RO          625    .text               mc_w.l(init.o)
    0x080007b4   0x080007b4   0x00000022   Code   RO          626    .text               mf_w.l(dflti.o)
    0x080007d6   0x080007d6   0x0000003e   Code   RO          627    .text               mf_w.l(dfixi.o)
    0x08000814   0x08000814   0x00000128   Code   RO          124    i.ADC_Init          stm32f4xx_hal_adc.o
    0x0800093c   0x0800093c   0x00000002   Code   RO          101    i.BusFault_Handler  stm32f4xx_it.o
    0x0800093e   0x0800093e   0x00000010   Code   RO          359    i.DAC_DMAConvCpltCh1  stm32f4xx_hal_dac.o
    0x0800094e   0x0800094e   0x00000010   Code   RO          383    i.DAC_DMAConvCpltCh2  stm32f4xx_hal_dac_ex.o
    0x0800095e   0x0800095e   0x00000018   Code   RO          360    i.DAC_DMAErrorCh1   stm32f4xx_hal_dac.o
    0x08000976   0x08000976   0x00000018   Code   RO          384    i.DAC_DMAErrorCh2   stm32f4xx_hal_dac_ex.o
    0x0800098e   0x0800098e   0x0000000a   Code   RO          361    i.DAC_DMAHalfConvCpltCh1  stm32f4xx_hal_dac.o
    0x08000998   0x08000998   0x0000000a   Code   RO          385    i.DAC_DMAHalfConvCpltCh2  stm32f4xx_hal_dac_ex.o
    0x080009a2   0x080009a2   0x00000002   PAD
    0x080009a4   0x080009a4   0x0000000c   Code   RO          102    i.DMA1_Stream5_IRQHandler  stm32f4xx_it.o
    0x080009b0   0x080009b0   0x00000028   Code   RO          246    i.DMA_CalcBaseAndBitshift  stm32f4xx_hal_dma.o
    0x080009d8   0x080009d8   0x00000054   Code   RO          247    i.DMA_CheckFifoParam  stm32f4xx_hal_dma.o
    0x08000a2c   0x08000a2c   0x00000028   Code   RO          248    i.DMA_SetConfig     stm32f4xx_hal_dma.o
    0x08000a54   0x08000a54   0x00000002   Code   RO          103    i.DebugMon_Handler  stm32f4xx_it.o
    0x08000a56   0x08000a56   0x00000096   Code   RO           34    i.Draw_BianKuang    myui.o
    0x08000aec   0x08000aec   0x00000052   Code   RO           35    i.Draw_GeZi         myui.o
    0x08000b3e   0x08000b3e   0x00000002   PAD
    0x08000b40   0x08000b40   0x00000054   Code   RO           36    i.Draw_Wave         myui.o
    0x08000b94   0x08000b94   0x00000006   Code   RO          104    i.EXTI0_IRQHandler  stm32f4xx_it.o
    0x08000b9a   0x08000b9a   0x00000004   Code   RO           56    i.Error_Handler     main.o
    0x08000b9e   0x08000b9e   0x00000002   PAD
    0x08000ba0   0x08000ba0   0x0000014c   Code   RO          126    i.HAL_ADC_ConfigChannel  stm32f4xx_hal_adc.o
    0x08000cec   0x08000cec   0x00000004   Code   RO          132    i.HAL_ADC_GetState  stm32f4xx_hal_adc.o
    0x08000cf0   0x08000cf0   0x00000006   Code   RO          133    i.HAL_ADC_GetValue  stm32f4xx_hal_adc.o
    0x08000cf6   0x08000cf6   0x00000054   Code   RO          135    i.HAL_ADC_Init      stm32f4xx_hal_adc.o
    0x08000d4a   0x08000d4a   0x00000002   PAD
    0x08000d4c   0x08000d4c   0x00000060   Code   RO           72    i.HAL_ADC_MspInit   adc.o
    0x08000dac   0x08000dac   0x000000a2   Code   RO          139    i.HAL_ADC_PollForConversion  stm32f4xx_hal_adc.o
    0x08000e4e   0x08000e4e   0x00000002   PAD
    0x08000e50   0x08000e50   0x000000ec   Code   RO          141    i.HAL_ADC_Start     stm32f4xx_hal_adc.o
    0x08000f3c   0x08000f3c   0x00000002   Code   RO          386    i.HAL_DACEx_ConvCpltCallbackCh2  stm32f4xx_hal_dac_ex.o
    0x08000f3e   0x08000f3e   0x00000002   Code   RO          387    i.HAL_DACEx_ConvHalfCpltCallbackCh2  stm32f4xx_hal_dac_ex.o
    0x08000f40   0x08000f40   0x00000002   Code   RO          388    i.HAL_DACEx_DMAUnderrunCallbackCh2  stm32f4xx_hal_dac_ex.o
    0x08000f42   0x08000f42   0x00000002   Code   RO          391    i.HAL_DACEx_ErrorCallbackCh2  stm32f4xx_hal_dac_ex.o
    0x08000f44   0x08000f44   0x00000042   Code   RO          362    i.HAL_DAC_ConfigChannel  stm32f4xx_hal_dac.o
    0x08000f86   0x08000f86   0x00000002   Code   RO          363    i.HAL_DAC_ConvCpltCallbackCh1  stm32f4xx_hal_dac.o
    0x08000f88   0x08000f88   0x00000002   Code   RO          364    i.HAL_DAC_ConvHalfCpltCallbackCh1  stm32f4xx_hal_dac.o
    0x08000f8a   0x08000f8a   0x00000002   Code   RO          365    i.HAL_DAC_DMAUnderrunCallbackCh1  stm32f4xx_hal_dac.o
    0x08000f8c   0x08000f8c   0x00000002   Code   RO          367    i.HAL_DAC_ErrorCallbackCh1  stm32f4xx_hal_dac.o
    0x08000f8e   0x08000f8e   0x0000005c   Code   RO          371    i.HAL_DAC_IRQHandler  stm32f4xx_hal_dac.o
    0x08000fea   0x08000fea   0x00000028   Code   RO          372    i.HAL_DAC_Init      stm32f4xx_hal_dac.o
    0x08001012   0x08001012   0x00000002   PAD
    0x08001014   0x08001014   0x000000b0   Code   RO           79    i.HAL_DAC_MspInit   dac.o
    0x080010c4   0x080010c4   0x00000100   Code   RO          377    i.HAL_DAC_Start_DMA  stm32f4xx_hal_dac.o
    0x080011c4   0x080011c4   0x000001a0   Code   RO          254    i.HAL_DMA_IRQHandler  stm32f4xx_hal_dma.o
    0x08001364   0x08001364   0x000000d4   Code   RO          255    i.HAL_DMA_Init      stm32f4xx_hal_dma.o
    0x08001438   0x08001438   0x0000006e   Code   RO          259    i.HAL_DMA_Start_IT  stm32f4xx_hal_dma.o
    0x080014a6   0x080014a6   0x00000002   PAD
    0x080014a8   0x080014a8   0x00000024   Code   RO          323    i.HAL_Delay         stm32f4xx_hal.o
    0x080014cc   0x080014cc   0x00000002   Code   RO          229    i.HAL_GPIO_EXTI_Callback  stm32f4xx_hal_gpio.o
    0x080014ce   0x080014ce   0x00000002   PAD
    0x080014d0   0x080014d0   0x00000018   Code   RO          230    i.HAL_GPIO_EXTI_IRQHandler  stm32f4xx_hal_gpio.o
    0x080014e8   0x080014e8   0x000001b8   Code   RO          231    i.HAL_GPIO_Init     stm32f4xx_hal_gpio.o
    0x080016a0   0x080016a0   0x0000000a   Code   RO          235    i.HAL_GPIO_WritePin  stm32f4xx_hal_gpio.o
    0x080016aa   0x080016aa   0x00000002   PAD
    0x080016ac   0x080016ac   0x0000000c   Code   RO          329    i.HAL_GetTick       stm32f4xx_hal.o
    0x080016b8   0x080016b8   0x00000010   Code   RO          335    i.HAL_IncTick       stm32f4xx_hal.o
    0x080016c8   0x080016c8   0x00000034   Code   RO          336    i.HAL_Init          stm32f4xx_hal.o
    0x080016fc   0x080016fc   0x00000040   Code   RO          337    i.HAL_InitTick      stm32f4xx_hal.o
    0x0800173c   0x0800173c   0x00000030   Code   RO          117    i.HAL_MspInit       stm32f4xx_hal_msp.o
    0x0800176c   0x0800176c   0x0000001a   Code   RO          299    i.HAL_NVIC_EnableIRQ  stm32f4xx_hal_cortex.o
    0x08001786   0x08001786   0x00000002   PAD
    0x08001788   0x08001788   0x00000040   Code   RO          305    i.HAL_NVIC_SetPriority  stm32f4xx_hal_cortex.o
    0x080017c8   0x080017c8   0x00000024   Code   RO          306    i.HAL_NVIC_SetPriorityGrouping  stm32f4xx_hal_cortex.o
    0x080017ec   0x080017ec   0x00000134   Code   RO          169    i.HAL_RCC_ClockConfig  stm32f4xx_hal_rcc.o
    0x08001920   0x08001920   0x00000064   Code   RO          178    i.HAL_RCC_GetSysClockFreq  stm32f4xx_hal_rcc.o
    0x08001984   0x08001984   0x0000035c   Code   RO          181    i.HAL_RCC_OscConfig  stm32f4xx_hal_rcc.o
    0x08001ce0   0x08001ce0   0x00000028   Code   RO          310    i.HAL_SYSTICK_Config  stm32f4xx_hal_cortex.o
    0x08001d08   0x08001d08   0x00000002   Code   RO          512    i.HAL_TIMEx_BreakCallback  stm32f4xx_hal_tim_ex.o
    0x08001d0a   0x08001d0a   0x00000002   Code   RO          513    i.HAL_TIMEx_CommutCallback  stm32f4xx_hal_tim_ex.o
    0x08001d0c   0x08001d0c   0x00000090   Code   RO          530    i.HAL_TIMEx_MasterConfigSynchronization  stm32f4xx_hal_tim_ex.o
    0x08001d9c   0x08001d9c   0x00000036   Code   RO          399    i.HAL_TIM_Base_Init  stm32f4xx_hal_tim.o
    0x08001dd2   0x08001dd2   0x00000002   PAD
    0x08001dd4   0x08001dd4   0x00000064   Code   RO           90    i.HAL_TIM_Base_MspInit  tim.o
    0x08001e38   0x08001e38   0x00000024   Code   RO          402    i.HAL_TIM_Base_Start  stm32f4xx_hal_tim.o
    0x08001e5c   0x08001e5c   0x00000022   Code   RO          404    i.HAL_TIM_Base_Start_IT  stm32f4xx_hal_tim.o
    0x08001e7e   0x08001e7e   0x000000d6   Code   RO          408    i.HAL_TIM_ConfigClockSource  stm32f4xx_hal_tim.o
    0x08001f54   0x08001f54   0x00000002   Code   RO          428    i.HAL_TIM_IC_CaptureCallback  stm32f4xx_hal_tim.o
    0x08001f56   0x08001f56   0x00000166   Code   RO          442    i.HAL_TIM_IRQHandler  stm32f4xx_hal_tim.o
    0x080020bc   0x080020bc   0x00000050   Code   RO           91    i.HAL_TIM_MspPostInit  tim.o
    0x0800210c   0x0800210c   0x00000002   Code   RO          445    i.HAL_TIM_OC_DelayElapsedCallback  stm32f4xx_hal_tim.o
    0x0800210e   0x0800210e   0x000000d0   Code   RO          466    i.HAL_TIM_PWM_ConfigChannel  stm32f4xx_hal_tim.o
    0x080021de   0x080021de   0x00000036   Code   RO          469    i.HAL_TIM_PWM_Init  stm32f4xx_hal_tim.o
    0x08002214   0x08002214   0x00000024   Code   RO           93    i.HAL_TIM_PWM_MspInit  tim.o
    0x08002238   0x08002238   0x00000002   Code   RO          472    i.HAL_TIM_PWM_PulseFinishedCallback  stm32f4xx_hal_tim.o
    0x0800223a   0x0800223a   0x00000002   PAD
    0x0800223c   0x0800223c   0x00000044   Code   RO          474    i.HAL_TIM_PWM_Start  stm32f4xx_hal_tim.o
    0x08002280   0x08002280   0x00000010   Code   RO           57    i.HAL_TIM_PeriodElapsedCallback  main.o
    0x08002290   0x08002290   0x00000002   Code   RO          485    i.HAL_TIM_TriggerCallback  stm32f4xx_hal_tim.o
    0x08002292   0x08002292   0x00000002   Code   RO          105    i.HardFault_Handler  stm32f4xx_it.o
    0x08002294   0x08002294   0x00000064   Code   RO           73    i.MX_ADC1_Init      adc.o
    0x080022f8   0x080022f8   0x00000040   Code   RO           80    i.MX_DAC_Init       dac.o
    0x08002338   0x08002338   0x0000002c   Code   RO           85    i.MX_DMA_Init       dma.o
    0x08002364   0x08002364   0x00000104   Code   RO           67    i.MX_GPIO_Init      gpio.o
    0x08002468   0x08002468   0x00000070   Code   RO           94    i.MX_TIM2_Init      tim.o
    0x080024d8   0x080024d8   0x0000006c   Code   RO           95    i.MX_TIM5_Init      tim.o
    0x08002544   0x08002544   0x00000044   Code   RO           96    i.MX_TIM6_Init      tim.o
    0x08002588   0x08002588   0x00000002   Code   RO          106    i.MemManage_Handler  stm32f4xx_it.o
    0x0800258a   0x0800258a   0x00000002   Code   RO          107    i.NMI_Handler       stm32f4xx_it.o
    0x0800258c   0x0800258c   0x0000002c   Code   RO            8    i.OLED_Clear        oledspi.o
    0x080025b8   0x080025b8   0x00000020   Code   RO            9    i.OLED_ClearPoint   oledspi.o
    0x080025d8   0x080025d8   0x0000008e   Code   RO           15    i.OLED_DrawLine     oledspi.o
    0x08002666   0x08002666   0x00000002   PAD
    0x08002668   0x08002668   0x0000001c   Code   RO           16    i.OLED_DrawPoint    oledspi.o
    0x08002684   0x08002684   0x0000010c   Code   RO           17    i.OLED_Init         oledspi.o
    0x08002790   0x08002790   0x0000004c   Code   RO           19    i.OLED_Refresh      oledspi.o
    0x080027dc   0x080027dc   0x000000ac   Code   RO           21    i.OLED_ShowChar     oledspi.o
    0x08002888   0x08002888   0x00000040   Code   RO           25    i.OLED_ShowString   oledspi.o
    0x080028c8   0x080028c8   0x00000070   Code   RO           27    i.OLED_WR_Byte      oledspi.o
    0x08002938   0x08002938   0x00000002   Code   RO          108    i.PendSV_Handler    stm32f4xx_it.o
    0x0800293a   0x0800293a   0x00000002   Code   RO          109    i.SVC_Handler       stm32f4xx_it.o
    0x0800293c   0x0800293c   0x000000cc   Code   RO           42    i.Sin_Data          wave.o
    0x08002a08   0x08002a08   0x00000038   Code   RO           43    i.SquareWave_Data   wave.o
    0x08002a40   0x08002a40   0x00000004   Code   RO          110    i.SysTick_Handler   stm32f4xx_it.o
    0x08002a44   0x08002a44   0x00000094   Code   RO           58    i.SystemClock_Config  main.o
    0x08002ad8   0x08002ad8   0x0000001c   Code   RO          555    i.SystemInit        system_stm32f4xx.o
    0x08002af4   0x08002af4   0x0000000c   Code   RO          111    i.TIM5_IRQHandler   stm32f4xx_it.o
    0x08002b00   0x08002b00   0x0000001c   Code   RO          112    i.TIM6_DAC_IRQHandler  stm32f4xx_it.o
    0x08002b1c   0x08002b1c   0x000000c8   Code   RO          487    i.TIM_Base_SetConfig  stm32f4xx_hal_tim.o
    0x08002be4   0x08002be4   0x0000001a   Code   RO          488    i.TIM_CCxChannelCmd  stm32f4xx_hal_tim.o
    0x08002bfe   0x08002bfe   0x00000014   Code   RO          498    i.TIM_ETR_SetConfig  stm32f4xx_hal_tim.o
    0x08002c12   0x08002c12   0x00000010   Code   RO          499    i.TIM_ITRx_SetConfig  stm32f4xx_hal_tim.o
    0x08002c22   0x08002c22   0x00000002   PAD
    0x08002c24   0x08002c24   0x00000060   Code   RO          500    i.TIM_OC1_SetConfig  stm32f4xx_hal_tim.o
    0x08002c84   0x08002c84   0x0000006c   Code   RO          501    i.TIM_OC2_SetConfig  stm32f4xx_hal_tim.o
    0x08002cf0   0x08002cf0   0x00000068   Code   RO          502    i.TIM_OC3_SetConfig  stm32f4xx_hal_tim.o
    0x08002d58   0x08002d58   0x00000050   Code   RO          503    i.TIM_OC4_SetConfig  stm32f4xx_hal_tim.o
    0x08002da8   0x08002da8   0x00000022   Code   RO          505    i.TIM_TI1_ConfigInputStage  stm32f4xx_hal_tim.o
    0x08002dca   0x08002dca   0x00000024   Code   RO          507    i.TIM_TI2_ConfigInputStage  stm32f4xx_hal_tim.o
    0x08002dee   0x08002dee   0x00000002   PAD
    0x08002df0   0x08002df0   0x00000028   Code   RO           37    i.UI                myui.o
    0x08002e18   0x08002e18   0x00000002   Code   RO          113    i.UsageFault_Handler  stm32f4xx_it.o
    0x08002e1a   0x08002e1a   0x00000002   PAD
    0x08002e1c   0x08002e1c   0x00000044   Code   RO           44    i.Wave_start        wave.o
    0x08002e60   0x08002e60   0x00000030   Code   RO          623    i.__ARM_fpclassify  m_wm.l(fpclassify.o)
    0x08002e90   0x08002e90   0x00000020   Code   RO          312    i.__NVIC_SetPriority  stm32f4xx_hal_cortex.o
    0x08002eb0   0x08002eb0   0x000000c8   Code   RO          559    i.__hardfp_sin      m_wm.l(sin.o)
    0x08002f78   0x08002f78   0x00000438   Code   RO          586    i.__ieee754_rem_pio2  m_wm.l(rred.o)
    0x080033b0   0x080033b0   0x00000170   Code   RO          577    i.__kernel_cos      m_wm.l(cos_i.o)
    0x08003520   0x08003520   0x000000f8   Code   RO          624    i.__kernel_poly     m_wm.l(poly.o)
    0x08003618   0x08003618   0x00000130   Code   RO          589    i.__kernel_sin      m_wm.l(sin_i.o)
    0x08003748   0x08003748   0x00000014   Code   RO          580    i.__mathlib_dbl_infnan  m_wm.l(dunder.o)
    0x0800375c   0x0800375c   0x00000004   PAD
    0x08003760   0x08003760   0x00000020   Code   RO          582    i.__mathlib_dbl_invalid  m_wm.l(dunder.o)
    0x08003780   0x08003780   0x00000020   Code   RO          585    i.__mathlib_dbl_underflow  m_wm.l(dunder.o)
    0x080037a0   0x080037a0   0x0000000e   Code   RO          630    i.__scatterload_copy  mc_w.l(handlers.o)
    0x080037ae   0x080037ae   0x00000002   Code   RO          631    i.__scatterload_null  mc_w.l(handlers.o)
    0x080037b0   0x080037b0   0x0000000e   Code   RO          632    i.__scatterload_zeroinit  mc_w.l(handlers.o)
    0x080037be   0x080037be   0x00000002   PAD
    0x080037c0   0x080037c0   0x0000000c   Code   RO          614    i.__set_errno       mc_w.l(errno.o)
    0x080037cc   0x080037cc   0x00000018   Code   RO          622    i.fabs              m_wm.l(fabs.o)
    0x080037e4   0x080037e4   0x00000064   Code   RO           45    i.get_value         wave.o
    0x08003848   0x08003848   0x00000058   Code   RO           59    i.main              main.o
    0x080038a0   0x080038a0   0x0000001c   Code   RO           46    i.settings          wave.o
    0x080038bc   0x080038bc   0x000017c0   Data   RO           29    .constdata          oledspi.o
    0x0800507c   0x0800507c   0x00000008   Data   RO          261    .constdata          stm32f4xx_hal_dma.o
    0x08005084   0x08005084   0x00000010   Data   RO          556    .constdata          system_stm32f4xx.o
    0x08005094   0x08005094   0x00000004   PAD
    0x08005098   0x08005098   0x00000030   Data   RO          578    .constdata          m_wm.l(cos_i.o)
    0x080050c8   0x080050c8   0x000000c8   Data   RO          588    .constdata          m_wm.l(rred.o)
    0x08005190   0x08005190   0x00000028   Data   RO          590    .constdata          m_wm.l(sin_i.o)
    0x080051b8   0x080051b8   0x00000020   Data   RO          628    Region$$Table       anon$$obj.o


    Execution Region RW_IRAM2 (Exec base: 0x10000000, Load base: 0x080051fc, Size: 0x00000000, Max: 0x00010000, ABSOLUTE)

    **** No section assigned to this execution region ****


    Execution Region RW_IRAM1 (Exec base: 0x20000000, Load base: 0x080051d8, Size: 0x00000a98, Max: 0x00020000, ABSOLUTE)

    Exec Addr    Load Addr    Size         Type   Attr      Idx    E Section Name        Object

    0x20000000   0x080051d8   0x00000010   Data   RW           48    .data               wave.o
    0x20000010   0x080051e8   0x0000000c   Data   RW          343    .data               stm32f4xx_hal.o
    0x2000001c   0x080051f4   0x00000004   Data   RW          558    .data               system_stm32f4xx.o
    0x20000020   0x080051f8   0x00000004   Data   RW          615    .data               mc_w.l(errno.o)
    0x20000024        -       0x00000480   Zero   RW           28    .bss                oledspi.o
    0x200004a4        -       0x00000078   Zero   RW           47    .bss                wave.o
    0x2000051c        -       0x00000048   Zero   RW           74    .bss                adc.o
    0x20000564        -       0x00000074   Zero   RW           81    .bss                dac.o
    0x200005d8        -       0x000000c0   Zero   RW           97    .bss                tim.o
    0x20000698        -       0x00000400   Zero   RW            1    STACK               startup_stm32f407xx.o


==============================================================================

Image component sizes


      Code (inc. data)   RO Data    RW Data    ZI Data      Debug   Object Name

       196         24          0          0         72          0   adc.o
       240         32          0          0        116          0   dac.o
        44          4          0          0          0          0   dma.o
       260         22          0          0          0          0   gpio.o
       256         26          0          0          0          0   main.o
       356         10          0          0          0          0   myui.o
       938         40       6080          0       1152          0   oledspi.o
        36          8        392          0       1024          0   startup_stm32f407xx.o
       180         28          0         12          0          0   stm32f4xx_hal.o
      1120         54          0          0          0          0   stm32f4xx_hal_adc.o
       198         14          0          0          0          0   stm32f4xx_hal_cortex.o
       512         26          0          0          0          0   stm32f4xx_hal_dac.o
        58          0          0          0          0          0   stm32f4xx_hal_dac_ex.o
       902         16          8          0          0          0   stm32f4xx_hal_dma.o
       476         52          0          0          0          0   stm32f4xx_hal_gpio.o
        48          6          0          0          0          0   stm32f4xx_hal_msp.o
      1268         52          0          0          0          0   stm32f4xx_hal_rcc.o
      1754         90          0          0          0          0   stm32f4xx_hal_tim.o
       148         28          0          0          0          0   stm32f4xx_hal_tim_ex.o
        78         22          0          0          0          0   stm32f4xx_it.o
        28          6         16          4          0          0   system_stm32f4xx.o
       504         54          0          0        192          0   tim.o
       456         96          0         16        120          0   wave.o

    ----------------------------------------------------------------------
     10088        710       6532         32       2676          0   Object Totals
         0          0         32          0          0          0   (incl. Generated)
        32          0          4          0          0          0   (incl. Padding)

    ----------------------------------------------------------------------

      Code (inc. data)   RO Data    RW Data    ZI Data      Debug   Library Member Name

       368         46         48          0          0          0   cos_i.o
        84         16          0          0          0          0   dunder.o
        24          0          0          0          0          0   fabs.o
        48          0          0          0          0          0   fpclassify.o
       248          0          0          0          0          0   poly.o
      1080        142        200          0          0          0   rred.o
       200         20          0          0          0          0   sin.o
       304         24         40          0          0          0   sin_i.o
         0          0          0          0          0          0   entry.o
         0          0          0          0          0          0   entry10a.o
         0          0          0          0          0          0   entry11a.o
         4          0          0          0          0          0   entry12b.o
         8          4          0          0          0          0   entry2.o
         4          0          0          0          0          0   entry5.o
         0          0          0          0          0          0   entry7b.o
         0          0          0          0          0          0   entry8b.o
         8          4          0          0          0          0   entry9a.o
        12          6          0          4          0          0   errno.o
        30          0          0          0          0          0   handlers.o
        36          8          0          0          0          0   init.o
         0          0          0          0          0          0   iusefp.o
        30          0          0          0          0          0   llshl.o
        36          0          0          0          0          0   llsshr.o
        32          0          0          0          0          0   llushr.o
        36          0          0          0          0          0   memseta.o
        98          0          0          0          0          0   uldiv.o
        56          0          0          0          0          0   d2f.o
       334          0          0          0          0          0   dadd.o
       222          0          0          0          0          0   ddiv.o
       186          0          0          0          0          0   depilogue.o
        62          0          0          0          0          0   dfixi.o
        50          0          0          0          0          0   dfixui.o
        34          0          0          0          0          0   dflti.o
        26          0          0          0          0          0   dfltui.o
       228          0          0          0          0          0   dmul.o
        38          0          0          0          0          0   f2d.o
       110          0          0          0          0          0   fepilogue.o

    ----------------------------------------------------------------------
      4044        270        288          4          0          0   Library Totals
         8          0          0          0          0          0   (incl. Padding)

    ----------------------------------------------------------------------

      Code (inc. data)   RO Data    RW Data    ZI Data      Debug   Library Name

      2356        248        288          0          0          0   m_wm.l
       334         22          0          4          0          0   mc_w.l
      1346          0          0          0          0          0   mf_w.l

    ----------------------------------------------------------------------
      4044        270        288          4          0          0   Library Totals

    ----------------------------------------------------------------------

==============================================================================


      Code (inc. data)   RO Data    RW Data    ZI Data      Debug   

     14132        980       6820         36       2676          0   Grand Totals
     14132        980       6820         36       2676          0   ELF Image Totals
     14132        980       6820         36          0          0   ROM Totals

==============================================================================

    Total RO  Size (Code + RO Data)                20952 (  20.46kB)
    Total RW  Size (RW Data + ZI Data)              2712 (   2.65kB)
    Total ROM Size (Code + RO Data + RW Data)      20988 (  20.50kB)

==============================================================================

